Archive member included because of file (symbol)

C:/Users/jon_000/Git/ALFRED_TEST/Release/arduino.ar(variant.cpp.o)
                              ./ALFRED_TEST.cpp.o (Serial)
C:/Users/jon_000/Git/ALFRED_TEST/Release/arduino.ar(Print.cpp.o)
                              ./ALFRED_TEST.cpp.o (Print::print(int, int))
C:/Users/jon_000/Git/ALFRED_TEST/Release/arduino.ar(RingBuffer.cpp.o)
                              C:/Users/jon_000/Git/ALFRED_TEST/Release/arduino.ar(variant.cpp.o) (RingBuffer::RingBuffer())
C:/Users/jon_000/Git/ALFRED_TEST/Release/arduino.ar(Stream.cpp.o)
                              ./ALFRED_TEST.cpp.o (Stream::readBytesUntil(char, char*, unsigned int))
C:/Users/jon_000/Git/ALFRED_TEST/Release/arduino.ar(UARTClass.cpp.o)
                              C:/Users/jon_000/Git/ALFRED_TEST/Release/arduino.ar(variant.cpp.o) (UARTClass::UARTClass(Uart*, IRQn, unsigned long, RingBuffer*))
C:/Users/jon_000/Git/ALFRED_TEST/Release/arduino.ar(USARTClass.cpp.o)
                              C:/Users/jon_000/Git/ALFRED_TEST/Release/arduino.ar(variant.cpp.o) (USARTClass::USARTClass(Usart*, IRQn, unsigned long, RingBuffer*))
C:/Users/jon_000/Git/ALFRED_TEST/Release/arduino.ar(WString.cpp.o)
                              C:/Users/jon_000/Git/ALFRED_TEST/Release/arduino.ar(Print.cpp.o) (String::operator[](unsigned int) const)
C:/Users/jon_000/Git/ALFRED_TEST/Release/arduino.ar(cxxabi-compat.cpp.o)
                              C:/Users/jon_000/Git/ALFRED_TEST/Release/arduino.ar(Print.cpp.o) (__cxa_pure_virtual)
C:/Users/jon_000/Git/ALFRED_TEST/Release/arduino.ar(itoa.c.o)
                              C:/Users/jon_000/Git/ALFRED_TEST/Release/arduino.ar(WString.cpp.o) (ltoa)
C:/Users/jon_000/Git/ALFRED_TEST/Release/arduino.ar(wiring.c.o)
                              C:/Users/jon_000/Git/ALFRED_TEST/Release/arduino.ar(Stream.cpp.o) (millis)
C:/Users/jon_000/Git/ALFRED_TEST/Release/arduino.ar(wiring_analog.c.o)
                              C:/Users/jon_000/Git/ALFRED_TEST/Release/arduino.ar(variant.cpp.o) (analogOutputInit)
C:/Users/jon_000/Git/ALFRED_TEST/Release/arduino.ar(wiring_digital.c.o)
                              ./ALFRED_TEST.cpp.o (digitalWrite)
C:/Users/jon_000/Git/ALFRED_TEST/Release/arduino.ar(dtostrf.c.o)
                              C:/Users/jon_000/Git/ALFRED_TEST/Release/arduino.ar(WString.cpp.o) (dtostrf)
C:/Users/jon_000/Git/ALFRED_TEST/Release/arduino.ar(hooks.c.o)
                              C:/Users/jon_000/Git/ALFRED_TEST/Release/arduino.ar(wiring.c.o) (yield)
C:/Arduino/hardware/arduino/sam/variants/arduino_due_x/libsam_sam3x8e_gcc_rel.a(pio.o)
                              C:/Users/jon_000/Git/ALFRED_TEST/Release/arduino.ar(wiring_digital.c.o) (PIO_PullUp)
C:/Arduino/hardware/arduino/sam/variants/arduino_due_x/libsam_sam3x8e_gcc_rel.a(pmc.o)
                              ./Libraries/DueTimer/DueTimer.cpp.o (pmc_enable_periph_clk)
C:/Arduino/hardware/arduino/sam/variants/arduino_due_x/libsam_sam3x8e_gcc_rel.a(pwmc.o)
                              C:/Users/jon_000/Git/ALFRED_TEST/Release/arduino.ar(wiring_analog.c.o) (PWMC_ConfigureChannel)
C:/Arduino/hardware/arduino/sam/variants/arduino_due_x/libsam_sam3x8e_gcc_rel.a(tc.o)
                              ./Libraries/DueTimer/DueTimer.cpp.o (TC_Configure)
C:/Arduino/hardware/arduino/sam/variants/arduino_due_x/libsam_sam3x8e_gcc_rel.a(timetick.o)
                              C:/Users/jon_000/Git/ALFRED_TEST/Release/arduino.ar(wiring.c.o) (GetTickCount)
C:/Arduino/hardware/arduino/sam/variants/arduino_due_x/libsam_sam3x8e_gcc_rel.a(wdt.o)
                              C:/Users/jon_000/Git/ALFRED_TEST/Release/arduino.ar(variant.cpp.o) (WDT_Disable)
C:/Arduino/hardware/arduino/sam/variants/arduino_due_x/libsam_sam3x8e_gcc_rel.a(system_sam3xa.o)
                              C:/Users/jon_000/Git/ALFRED_TEST/Release/arduino.ar(variant.cpp.o) (SystemInit)
C:/Arduino/hardware/arduino/sam/variants/arduino_due_x/libsam_sam3x8e_gcc_rel.a(startup_sam3xa.o)
                              (Reset_Handler)
C:/Arduino/hardware/arduino/sam/variants/arduino_due_x/libsam_sam3x8e_gcc_rel.a(adc.o)
                              C:/Users/jon_000/Git/ALFRED_TEST/Release/arduino.ar(variant.cpp.o) (adc_init)
C:/Arduino/hardware/arduino/sam/variants/arduino_due_x/libsam_sam3x8e_gcc_rel.a(uotghs.o)
                              C:/Arduino/hardware/arduino/sam/variants/arduino_due_x/libsam_sam3x8e_gcc_rel.a(startup_sam3xa.o) (UOTGHS_Handler)
C:/Arduino/hardware/arduino/sam/variants/arduino_due_x/libsam_sam3x8e_gcc_rel.a(dacc.o)
                              C:/Users/jon_000/Git/ALFRED_TEST/Release/arduino.ar(wiring_analog.c.o) (dacc_reset)
C:/Users/jon_000/Git/ALFRED_TEST/Release/arduino.ar(WInterrupts.c.o)
                              C:/Arduino/hardware/arduino/sam/variants/arduino_due_x/libsam_sam3x8e_gcc_rel.a(startup_sam3xa.o) (PIOA_Handler)
C:/Users/jon_000/Git/ALFRED_TEST/Release/arduino.ar(cortex_handlers.c.o)
[...]
Memory Configuration

Name             Origin             Length             Attributes
rom              0x00080000         0x00080000         xr
sram0            0x20000000         0x00010000         xrw
sram1            0x20080000         0x00008000         xrw
ram              0x20070000         0x00018000         xrw
*default*        0x00000000         0xffffffff

Linker script and memory map

LOAD c:/arduino/hardware/tools/g++_arm_none_eabi/bin/../lib/gcc/arm-none-eabi/4.4.1/thumb2/crti.o
LOAD c:/arduino/hardware/tools/g++_arm_none_eabi/bin/../lib/gcc/arm-none-eabi/4.4.1/thumb2/crtbegin.o
LOAD c:/arduino/hardware/tools/g++_arm_none_eabi/bin/../lib/gcc/arm-none-eabi/4.4.1/thumb2\libgcc.a
START GROUP
LOAD C:/Users/jon_000/Git/ALFRED_TEST/Release/arduino/syscalls_sam3.c.o
LOAD ./ALFRED_TEST.cpp.o
LOAD ./Libraries/DueTimer/DueTimer.cpp.o
LOAD C:/Users/jon_000/Git/ALFRED_TEST/Release/arduino.ar
LOAD C:/Arduino/hardware/arduino/sam/variants/arduino_due_x/libsam_sam3x8e_gcc_rel.a
LOAD C:/Users/jon_000/Git/ALFRED_TEST/Release/arduino.ar
END GROUP
LOAD c:/arduino/hardware/tools/g++_arm_none_eabi/bin/../lib/gcc/arm-none-eabi/4.4.1/../../../../arm-none-eabi/lib/thumb2\libstdc++.a
LOAD c:/arduino/hardware/tools/g++_arm_none_eabi/bin/../lib/gcc/arm-none-eabi/4.4.1/../../../../arm-none-eabi/lib/thumb2\libm.a
START GROUP
LOAD c:/arduino/hardware/tools/g++_arm_none_eabi/bin/../lib/gcc/arm-none-eabi/4.4.1/thumb2\libgcc.a
LOAD c:/arduino/hardware/tools/g++_arm_none_eabi/bin/../lib/gcc/arm-none-eabi/4.4.1/../../../../arm-none-eabi/lib/thumb2\libc.a
END GROUP
LOAD c:/arduino/hardware/tools/g++_arm_none_eabi/bin/../lib/gcc/arm-none-eabi/4.4.1/thumb2/crtend.o
LOAD c:/arduino/hardware/tools/g++_arm_none_eabi/bin/../lib/gcc/arm-none-eabi/4.4.1/thumb2/crtn.o

.text           0x00080000     0x7520
                0x00080000                . = ALIGN (0x4)
                0x00080000                _sfixed = .
 *(.vectors .vectors.*)
 .vectors       0x00080000       0xf4 C:/Arduino/hardware/arduino/sam/variants/arduino_due_x/libsam_sam3x8e_gcc_rel.a(startup_sam3xa.o)
                0x00080000                exception_table
 *(.text .text.* .gnu.linkonce.t.*)
 .text          0x000800f4       0x30 c:/arduino/hardware/tools/g++_arm_none_eabi/bin/../lib/gcc/arm-none-eabi/4.4.1/thumb2/crtbegin.o
 .text._sbrk    0x00080124       0x20 C:/Users/jon_000/Git/ALFRED_TEST/Release/arduino/syscalls_sam3.c.o
                0x00080124                _sbrk
 .text._close   0x00080144        0x6 C:/Users/jon_000/Git/ALFRED_TEST/Release/arduino/syscalls_sam3.c.o
                0x00080144                _close
 .text._fstat   0x0008014a        0xa C:/Users/jon_000/Git/ALFRED_TEST/Release/arduino/syscalls_sam3.c.o
                0x0008014a                _fstat
 .text._isatty  0x00080154        0x4 C:/Users/jon_000/Git/ALFRED_TEST/Release/arduino/syscalls_sam3.c.o
                0x00080154                _isatty
 .text._lseek   0x00080158        0x4 C:/Users/jon_000/Git/ALFRED_TEST/Release/arduino/syscalls_sam3.c.o
                0x00080158                _lseek
 .text._read    0x0008015c        0x4 C:/Users/jon_000/Git/ALFRED_TEST/Release/arduino/syscalls_sam3.c.o
                0x0008015c                _read
 .text._write   0x00080160       0x20 C:/Users/jon_000/Git/ALFRED_TEST/Release/arduino/syscalls_sam3.c.o
                0x00080160                _write
 .text._kill    0x00080180        0x2 C:/Users/jon_000/Git/ALFRED_TEST/Release/arduino/syscalls_sam3.c.o
                0x00080180                _kill
 .text._getpid  0x00080182        0x6 C:/Users/jon_000/Git/ALFRED_TEST/Release/arduino/syscalls_sam3.c.o
                0x00080182                _getpid
 .text._exit    0x00080188       0x10 C:/Users/jon_000/Git/ALFRED_TEST/Release/arduino/syscalls_sam3.c.o
                0x00080188                _exit
 .text._Z12parseCommandPcPih
                0x00080198       0x7e ./ALFRED_TEST.cpp.o
                0x00080198                parseCommand(char*, int*, unsigned char)
 *fill*         0x00080216        0x2 00
 .text._Z5resetv
                0x00080218       0x18 ./ALFRED_TEST.cpp.o
                0x00080218                reset()
 .text._Z15timeout_handlerv
                0x00080230        0x4 ./ALFRED_TEST.cpp.o
                0x00080230                timeout_handler()
 .text.loop     0x00080234      0x120 ./ALFRED_TEST.cpp.o
                0x00080234                loop
 .text.setup    0x00080354       0x5c ./ALFRED_TEST.cpp.o
                0x00080354                setup
 .text._ZN8DueTimerC1Ei
                0x000803b0        0x4 ./Libraries/DueTimer/DueTimer.cpp.o
                0x000803b0                DueTimer::DueTimer(int)
 .text._ZN8DueTimer15attachInterruptEPFvvE
                0x000803b4       0x10 ./Libraries/DueTimer/DueTimer.cpp.o
                0x000803b4                DueTimer::attachInterrupt(void (*)())
 *fill*         0x000803c4        0x4 00
 .text._ZN8DueTimer9bestClockEdRm
                0x000803c8      0x1a0 ./Libraries/DueTimer/DueTimer.cpp.o
                0x000803c8                DueTimer::bestClock(double, unsigned long&)
 .text.TC8_Handler
                0x00080568       0x1c ./Libraries/DueTimer/DueTimer.cpp.o
                0x00080568                TC8_Handler
 .text.TC7_Handler
                0x00080584       0x1c ./Libraries/DueTimer/DueTimer.cpp.o
                0x00080584                TC7_Handler
 .text.TC6_Handler
                0x000805a0       0x1c ./Libraries/DueTimer/DueTimer.cpp.o
                0x000805a0                TC6_Handler
 .text.TC5_Handler
                0x000805bc       0x1c ./Libraries/DueTimer/DueTimer.cpp.o
                0x000805bc                TC5_Handler
 .text.TC4_Handler
                0x000805d8       0x1c ./Libraries/DueTimer/DueTimer.cpp.o
                0x000805d8                TC4_Handler
 .text.TC3_Handler
                0x000805f4       0x1c ./Libraries/DueTimer/DueTimer.cpp.o
                0x000805f4                TC3_Handler
 .text.TC2_Handler
                0x00080610       0x1c ./Libraries/DueTimer/DueTimer.cpp.o
                0x00080610                TC2_Handler
 .text.TC1_Handler
                0x0008062c       0x1c ./Libraries/DueTimer/DueTimer.cpp.o
                0x0008062c                TC1_Handler
 .text.TC0_Handler
                0x00080648       0x1c ./Libraries/DueTimer/DueTimer.cpp.o
                0x00080648                TC0_Handler
 .text._ZN8DueTimer12setFrequencyEd
                0x00080664       0x98 ./Libraries/DueTimer/DueTimer.cpp.o
                0x00080664                DueTimer::setFrequency(double)
 *fill*         0x000806fc        0x4 00
 .text._ZN8DueTimer9setPeriodEl
                0x00080700       0x30 ./Libraries/DueTimer/DueTimer.cpp.o
                0x00080700                DueTimer::setPeriod(long)
 .text._ZN8DueTimer4stopEv
                0x00080730       0x44 ./Libraries/DueTimer/DueTimer.cpp.o
                0x00080730                DueTimer::stop()
 .text._ZN8DueTimer5startEl
                0x00080774       0x74 ./Libraries/DueTimer/DueTimer.cpp.o
                0x00080774                DueTimer::start(long)
 .text._GLOBAL__I__ZN8DueTimer6TimersE
                0x000807e8       0x80 ./Libraries/DueTimer/DueTimer.cpp.o
 .text._Z11serialEventv
                0x00080868        0x2 C:/Users/jon_000/Git/ALFRED_TEST/Release/arduino.ar(variant.cpp.o)
                0x00080868                serialEvent()
 .text._Z12serialEvent1v
                0x0008086a        0x2 C:/Users/jon_000/Git/ALFRED_TEST/Release/arduino.ar(variant.cpp.o)
                0x0008086a                serialEvent1()
 .text._Z12serialEvent2v
                0x0008086c        0x2 C:/Users/jon_000/Git/ALFRED_TEST/Release/arduino.ar(variant.cpp.o)
                0x0008086c                serialEvent2()
 .text._Z12serialEvent3v
                0x0008086e        0x2 C:/Users/jon_000/Git/ALFRED_TEST/Release/arduino.ar(variant.cpp.o)
                0x0008086e                serialEvent3()
 .text.init     0x00080870      0x134 C:/Users/jon_000/Git/ALFRED_TEST/Release/arduino.ar(variant.cpp.o)
                0x00080870                init
 .text._Z14serialEventRunv
                0x000809a4       0x48 C:/Users/jon_000/Git/ALFRED_TEST/Release/arduino.ar(variant.cpp.o)
                0x000809a4                serialEventRun()
 .text.USART3_Handler
                0x000809ec        0xc C:/Users/jon_000/Git/ALFRED_TEST/Release/arduino.ar(variant.cpp.o)
                0x000809ec                USART3_Handler
 .text.USART1_Handler
                0x000809f8        0xc C:/Users/jon_000/Git/ALFRED_TEST/Release/arduino.ar(variant.cpp.o)
                0x000809f8                USART1_Handler
 .text.USART0_Handler
                0x00080a04        0xc C:/Users/jon_000/Git/ALFRED_TEST/Release/arduino.ar(variant.cpp.o)
                0x00080a04                USART0_Handler
 .text.UART_Handler
                0x00080a10        0xc C:/Users/jon_000/Git/ALFRED_TEST/Release/arduino.ar(variant.cpp.o)
                0x00080a10                UART_Handler
 .text._GLOBAL__I_g_APinDescription
                0x00080a1c       0x8c C:/Users/jon_000/Git/ALFRED_TEST/Release/arduino.ar(variant.cpp.o)
 .text._ZN5Print5writeEPKhj
                0x00080aa8       0x2e C:/Users/jon_000/Git/ALFRED_TEST/Release/arduino.ar(Print.cpp.o)
                0x00080aa8                Print::write(unsigned char const*, unsigned int)
 .text._ZN5Print5printEc
                0x00080ad6        0xa C:/Users/jon_000/Git/ALFRED_TEST/Release/arduino.ar(Print.cpp.o)
                0x00080ad6                Print::print(char)
 .text._ZN5Print7printlnEv
                0x00080ae0       0x18 C:/Users/jon_000/Git/ALFRED_TEST/Release/arduino.ar(Print.cpp.o)
                0x00080ae0                Print::println()
 .text._ZN5Print5writeEPKc
                0x00080af8       0x20 C:/Users/jon_000/Git/ALFRED_TEST/Release/arduino.ar(Print.cpp.o)
                0x00080af8                Print::write(char const*)
 .text._ZN5Print11printNumberEmh
                0x00080b18       0x3e C:/Users/jon_000/Git/ALFRED_TEST/Release/arduino.ar(Print.cpp.o)
                0x00080b18                Print::printNumber(unsigned long, unsigned char)
 .text._ZN5Print5printEli
                0x00080b56       0x42 C:/Users/jon_000/Git/ALFRED_TEST/Release/arduino.ar(Print.cpp.o)
                0x00080b56                Print::print(long, int)
 .text._ZN5Print5printEii
                0x00080b98        0x4 C:/Users/jon_000/Git/ALFRED_TEST/Release/arduino.ar(Print.cpp.o)
                0x00080b98                Print::print(int, int)
 .text._ZN5Print7printlnEii
                0x00080b9c       0x14 C:/Users/jon_000/Git/ALFRED_TEST/Release/arduino.ar(Print.cpp.o)
                0x00080b9c                Print::println(int, int)
 .text._ZN5Print5printEPKc
                0x00080bb0        0x4 C:/Users/jon_000/Git/ALFRED_TEST/Release/arduino.ar(Print.cpp.o)
                0x00080bb0                Print::print(char const*)
 .text._ZN5Print7printlnEPKc
                0x00080bb4       0x14 C:/Users/jon_000/Git/ALFRED_TEST/Release/arduino.ar(Print.cpp.o)
                0x00080bb4                Print::println(char const*)
 .text._ZN10RingBuffer10store_charEh
                0x00080bc8       0x16 C:/Users/jon_000/Git/ALFRED_TEST/Release/arduino.ar(RingBuffer.cpp.o)
                0x00080bc8                RingBuffer::store_char(unsigned char)
 .text._ZN10RingBufferC1Ev
                0x00080bde       0x16 C:/Users/jon_000/Git/ALFRED_TEST/Release/arduino.ar(RingBuffer.cpp.o)
                0x00080bde                RingBuffer::RingBuffer()
 .text._ZN6Stream9timedReadEv
                0x00080bf4       0x2a C:/Users/jon_000/Git/ALFRED_TEST/Release/arduino.ar(Stream.cpp.o)
                0x00080bf4                Stream::timedRead()
 .text._ZN6Stream14readBytesUntilEcPcj
                0x00080c1e       0x38 C:/Users/jon_000/Git/ALFRED_TEST/Release/arduino.ar(Stream.cpp.o)
                0x00080c1e                Stream::readBytesUntil(char, char*, unsigned int)
 .text._ZN9UARTClasscvbEv
                0x00080c56        0x4 C:/Users/jon_000/Git/ALFRED_TEST/Release/arduino.ar(UARTClass.cpp.o)
                0x00080c56                UARTClass::operator bool()
 *fill*         0x00080c5a        0x2 00
 .text._ZN9UARTClassC1EP4Uart4IRQnmP10RingBuffer
                0x00080c5c       0x24 C:/Users/jon_000/Git/ALFRED_TEST/Release/arduino.ar(UARTClass.cpp.o)
                0x00080c5c                UARTClass::UARTClass(Uart*, IRQn, unsigned long, RingBuffer*)
 .text._ZN9UARTClass9availableEv
                0x00080c80        0xe C:/Users/jon_000/Git/ALFRED_TEST/Release/arduino.ar(UARTClass.cpp.o)
                0x00080c80                UARTClass::available()
 .text._ZN9UARTClass4peekEv
                0x00080c8e       0x12 C:/Users/jon_000/Git/ALFRED_TEST/Release/arduino.ar(UARTClass.cpp.o)
                0x00080c8e                UARTClass::peek()
 .text._ZN9UARTClass4readEv
                0x00080ca0       0x1c C:/Users/jon_000/Git/ALFRED_TEST/Release/arduino.ar(UARTClass.cpp.o)
                0x00080ca0                UARTClass::read()
 .text._ZN9UARTClass5flushEv
                0x00080cbc        0xc C:/Users/jon_000/Git/ALFRED_TEST/Release/arduino.ar(UARTClass.cpp.o)
                0x00080cbc                UARTClass::flush()
 .text._ZN9UARTClass5writeEh
                0x00080cc8       0x10 C:/Users/jon_000/Git/ALFRED_TEST/Release/arduino.ar(UARTClass.cpp.o)
                0x00080cc8                UARTClass::write(unsigned char)
 .text._ZN9UARTClass10IrqHandlerEv
                0x00080cd8       0x2a C:/Users/jon_000/Git/ALFRED_TEST/Release/arduino.ar(UARTClass.cpp.o)
                0x00080cd8                UARTClass::IrqHandler()
 *fill*         0x00080d02        0x2 00
 .text._ZN9UARTClass5beginEm
                0x00080d04       0x5c C:/Users/jon_000/Git/ALFRED_TEST/Release/arduino.ar(UARTClass.cpp.o)
                0x00080d04                UARTClass::begin(unsigned long)
 .text._ZN10USARTClasscvbEv
                0x00080d60        0x4 C:/Users/jon_000/Git/ALFRED_TEST/Release/arduino.ar(USARTClass.cpp.o)
                0x00080d60                USARTClass::operator bool()
 .text._ZN10USARTClassC1EP5Usart4IRQnmP10RingBuffer
                0x00080d64       0x24 C:/Users/jon_000/Git/ALFRED_TEST/Release/arduino.ar(USARTClass.cpp.o)
                0x00080d64                USARTClass::USARTClass(Usart*, IRQn, unsigned long, RingBuffer*)
 .text._ZN10USARTClass9availableEv
                0x00080d88        0xe C:/Users/jon_000/Git/ALFRED_TEST/Release/arduino.ar(USARTClass.cpp.o)
                0x00080d88                USARTClass::available()
 .text._ZN10USARTClass4peekEv
                0x00080d96       0x12 C:/Users/jon_000/Git/ALFRED_TEST/Release/arduino.ar(USARTClass.cpp.o)
                0x00080d96                USARTClass::peek()
 .text._ZN10USARTClass4readEv
                0x00080da8       0x1c C:/Users/jon_000/Git/ALFRED_TEST/Release/arduino.ar(USARTClass.cpp.o)
                0x00080da8                USARTClass::read()
 .text._ZN10USARTClass5flushEv
                0x00080dc4        0xc C:/Users/jon_000/Git/ALFRED_TEST/Release/arduino.ar(USARTClass.cpp.o)
                0x00080dc4                USARTClass::flush()
 .text._ZN10USARTClass5writeEh
                0x00080dd0       0x10 C:/Users/jon_000/Git/ALFRED_TEST/Release/arduino.ar(USARTClass.cpp.o)
                0x00080dd0                USARTClass::write(unsigned char)
 .text._ZN10USARTClass10IrqHandlerEv
                0x00080de0       0x2a C:/Users/jon_000/Git/ALFRED_TEST/Release/arduino.ar(USARTClass.cpp.o)
                0x00080de0                USARTClass::IrqHandler()
 *fill*         0x00080e0a        0x2 00
 .text._ZN10USARTClass5beginEm
                0x00080e0c       0x5c C:/Users/jon_000/Git/ALFRED_TEST/Release/arduino.ar(USARTClass.cpp.o)
                0x00080e0c                USARTClass::begin(unsigned long)
 .text.millis   0x00080e68        0x4 C:/Users/jon_000/Git/ALFRED_TEST/Release/arduino.ar(wiring.c.o)
                0x00080e68                millis
 .text.delay    0x00080e6c       0x1a C:/Users/jon_000/Git/ALFRED_TEST/Release/arduino.ar(wiring.c.o)
                0x00080e6c                delay
 *fill*         0x00080e86        0x2 00
 .text.analogOutputInit
                0x00080e88       0x14 C:/Users/jon_000/Git/ALFRED_TEST/Release/arduino.ar(wiring_analog.c.o)
                0x00080e88                analogOutputInit
 .text.digitalWrite
                0x00080e9c       0x48 C:/Users/jon_000/Git/ALFRED_TEST/Release/arduino.ar(wiring_digital.c.o)
                0x00080e9c                digitalWrite
 .text.pinMode  0x00080ee4       0x68 C:/Users/jon_000/Git/ALFRED_TEST/Release/arduino.ar(wiring_digital.c.o)
                0x00080ee4                pinMode
 .text.__empty  0x00080f4c        0x2 C:/Users/jon_000/Git/ALFRED_TEST/Release/arduino.ar(hooks.c.o)
                0x00080f4c                yield
 .text.__false  0x00080f4e        0x4 C:/Users/jon_000/Git/ALFRED_TEST/Release/arduino.ar(hooks.c.o)
                0x00080f4e                sysTickHook
 .text.__halt   0x00080f52        0x2 C:/Users/jon_000/Git/ALFRED_TEST/Release/arduino.ar(hooks.c.o)
                0x00080f52                svcHook
                0x00080f52                pendSVHook
 .text.PIO_DisableInterrupt
                0x00080f54        0x4 C:/Arduino/hardware/arduino/sam/variants/arduino_due_x/libsam_sam3x8e_gcc_rel.a(pio.o)
                0x00080f54                PIO_DisableInterrupt
 .text.PIO_PullUp
                0x00080f58        0xa C:/Arduino/hardware/arduino/sam/variants/arduino_due_x/libsam_sam3x8e_gcc_rel.a(pio.o)
                0x00080f58                PIO_PullUp
 .text.PIO_SetPeripheral
                0x00080f62       0x2a C:/Arduino/hardware/arduino/sam/variants/arduino_due_x/libsam_sam3x8e_gcc_rel.a(pio.o)
                0x00080f62                PIO_SetPeripheral
 .text.PIO_SetInput
                0x00080f8c       0x40 C:/Arduino/hardware/arduino/sam/variants/arduino_due_x/libsam_sam3x8e_gcc_rel.a(pio.o)
                0x00080f8c                PIO_SetInput
 .text.PIO_SetOutput
                0x00080fcc       0x38 C:/Arduino/hardware/arduino/sam/variants/arduino_due_x/libsam_sam3x8e_gcc_rel.a(pio.o)
                0x00080fcc                PIO_SetOutput
 .text.PIO_Configure
                0x00081004       0x74 C:/Arduino/hardware/arduino/sam/variants/arduino_due_x/libsam_sam3x8e_gcc_rel.a(pio.o)
                0x00081004                PIO_Configure
 .text.PIO_GetOutputDataStatus
                0x00081078       0x16 C:/Arduino/hardware/arduino/sam/variants/arduino_due_x/libsam_sam3x8e_gcc_rel.a(pio.o)
                0x00081078                PIO_GetOutputDataStatus
 *fill*         0x0008108e        0x2 00
 .text.pmc_enable_upll_clock
                0x00081090       0x18 C:/Arduino/hardware/arduino/sam/variants/arduino_due_x/libsam_sam3x8e_gcc_rel.a(pmc.o)
                0x00081090                pmc_enable_upll_clock
 .text.pmc_enable_periph_clk
                0x000810a8       0x48 C:/Arduino/hardware/arduino/sam/variants/arduino_due_x/libsam_sam3x8e_gcc_rel.a(pmc.o)
                0x000810a8                pmc_enable_periph_clk
 .text.pmc_disable_periph_clk
                0x000810f0       0x48 C:/Arduino/hardware/arduino/sam/variants/arduino_due_x/libsam_sam3x8e_gcc_rel.a(pmc.o)
                0x000810f0                pmc_disable_periph_clk
 .text.pmc_switch_udpck_to_upllck
                0x00081138       0x14 C:/Arduino/hardware/arduino/sam/variants/arduino_due_x/libsam_sam3x8e_gcc_rel.a(pmc.o)
                0x00081138                pmc_switch_udpck_to_upllck
 .text.pmc_enable_udpck
                0x0008114c        0xc C:/Arduino/hardware/arduino/sam/variants/arduino_due_x/libsam_sam3x8e_gcc_rel.a(pmc.o)
                0x0008114c                pmc_enable_udpck
 .text.pmc_set_writeprotect
                0x00081158       0x1c C:/Arduino/hardware/arduino/sam/variants/arduino_due_x/libsam_sam3x8e_gcc_rel.a(pmc.o)
                0x00081158                pmc_set_writeprotect
 .text.TC_Configure
                0x00081174       0x38 C:/Arduino/hardware/arduino/sam/variants/arduino_due_x/libsam_sam3x8e_gcc_rel.a(tc.o)
                0x00081174                TC_Configure
 .text.TC_Start
                0x000811ac       0x2c C:/Arduino/hardware/arduino/sam/variants/arduino_due_x/libsam_sam3x8e_gcc_rel.a(tc.o)
                0x000811ac                TC_Start
 .text.TC_Stop  0x000811d8       0x2c C:/Arduino/hardware/arduino/sam/variants/arduino_due_x/libsam_sam3x8e_gcc_rel.a(tc.o)
                0x000811d8                TC_Stop
 .text.TC_GetStatus
                0x00081204        0x8 C:/Arduino/hardware/arduino/sam/variants/arduino_due_x/libsam_sam3x8e_gcc_rel.a(tc.o)
                0x00081204                TC_GetStatus
 .text.TC_SetRC
                0x0008120c        0x8 C:/Arduino/hardware/arduino/sam/variants/arduino_due_x/libsam_sam3x8e_gcc_rel.a(tc.o)
                0x0008120c                TC_SetRC
 .text.TimeTick_Increment
                0x00081214       0x10 C:/Arduino/hardware/arduino/sam/variants/arduino_due_x/libsam_sam3x8e_gcc_rel.a(timetick.o)
                0x00081214                TimeTick_Increment
 .text.GetTickCount
                0x00081224        0xc C:/Arduino/hardware/arduino/sam/variants/arduino_due_x/libsam_sam3x8e_gcc_rel.a(timetick.o)
                0x00081224                GetTickCount
 .text.WDT_Disable
                0x00081230        0x8 C:/Arduino/hardware/arduino/sam/variants/arduino_due_x/libsam_sam3x8e_gcc_rel.a(wdt.o)
                0x00081230                WDT_Disable
 .text.SystemInit
                0x00081238       0x9c C:/Arduino/hardware/arduino/sam/variants/arduino_due_x/libsam_sam3x8e_gcc_rel.a(system_sam3xa.o)
                0x00081238                SystemInit
 .text.Reset_Handler
                0x000812d4       0x70 C:/Arduino/hardware/arduino/sam/variants/arduino_due_x/libsam_sam3x8e_gcc_rel.a(startup_sam3xa.o)
                0x000812d4                Reset_Handler
 .text.adc_init
                0x00081344       0xa0 C:/Arduino/hardware/arduino/sam/variants/arduino_due_x/libsam_sam3x8e_gcc_rel.a(adc.o)
                0x00081344                adc_init
 .text.adc_configure_trigger
                0x000813e4       0x10 C:/Arduino/hardware/arduino/sam/variants/arduino_due_x/libsam_sam3x8e_gcc_rel.a(adc.o)
                0x000813e4                adc_configure_trigger
 .text.adc_configure_timing
                0x000813f4       0x1a C:/Arduino/hardware/arduino/sam/variants/arduino_due_x/libsam_sam3x8e_gcc_rel.a(adc.o)
                0x000813f4                adc_configure_timing
 .text.adc_disable_all_channel
                0x0008140e        0x8 C:/Arduino/hardware/arduino/sam/variants/arduino_due_x/libsam_sam3x8e_gcc_rel.a(adc.o)
                0x0008140e                adc_disable_all_channel
 .text.adc_disable_interrupt
                0x00081416        0x4 C:/Arduino/hardware/arduino/sam/variants/arduino_due_x/libsam_sam3x8e_gcc_rel.a(adc.o)
                0x00081416                adc_disable_interrupt
 *fill*         0x0008141a        0x2 00
 .text.UOTGHS_Handler
                0x0008141c       0x10 C:/Arduino/hardware/arduino/sam/variants/arduino_due_x/libsam_sam3x8e_gcc_rel.a(uotghs.o)
                0x0008141c                UOTGHS_Handler
 .text.PIOA_Handler
                0x0008142c       0x2c C:/Users/jon_000/Git/ALFRED_TEST/Release/arduino.ar(WInterrupts.c.o)
                0x0008142c                PIOA_Handler
 .text.PIOB_Handler
                0x00081458       0x2c C:/Users/jon_000/Git/ALFRED_TEST/Release/arduino.ar(WInterrupts.c.o)
                0x00081458                PIOB_Handler
 .text.PIOC_Handler
                0x00081484       0x2c C:/Users/jon_000/Git/ALFRED_TEST/Release/arduino.ar(WInterrupts.c.o)
                0x00081484                PIOC_Handler
 .text.PIOD_Handler
                0x000814b0       0x2c C:/Users/jon_000/Git/ALFRED_TEST/Release/arduino.ar(WInterrupts.c.o)
                0x000814b0                PIOD_Handler
 .text.__halt   0x000814dc        0x2 C:/Users/jon_000/Git/ALFRED_TEST/Release/arduino.ar(cortex_handlers.c.o)
                0x000814dc                DACC_Handler
                0x000814dc                DebugMon_Handler
                0x000814dc                DMAC_Handler
                0x000814dc                TRNG_Handler
                0x000814dc                HardFault_Handler
                0x000814dc                TWI1_Handler
                0x000814dc                NMI_Handler
                0x000814dc                ADC_Handler
                0x000814dc                SMC_Handler
                0x000814dc                RTT_Handler
                0x000814dc                EFC1_Handler
                0x000814dc                RTC_Handler
                0x000814dc                UsageFault_Handler
                0x000814dc                WDT_Handler
                0x000814dc                CAN0_Handler
                0x000814dc                HSMCI_Handler
                0x000814dc                TWI0_Handler
                0x000814dc                SSC_Handler
                0x000814dc                EFC0_Handler
                0x000814dc                PMC_Handler
                0x000814dc                PWM_Handler
                0x000814dc                CAN1_Handler
                0x000814dc                MemManage_Handler
                0x000814dc                SUPC_Handler
                0x000814dc                USART2_Handler
                0x000814dc                EMAC_Handler
                0x000814dc                BusFault_Handler
                0x000814dc                RSTC_Handler
                0x000814dc                SPI0_Handler
 .text.SysTick_Handler
                0x000814de       0x16 C:/Users/jon_000/Git/ALFRED_TEST/Release/arduino.ar(cortex_handlers.c.o)
                0x000814de                SysTick_Handler
 .text.PendSV_Handler
                0x000814f4        0x4 C:/Users/jon_000/Git/ALFRED_TEST/Release/arduino.ar(cortex_handlers.c.o)
                0x000814f4                PendSV_Handler
 .text.SVC_Handler
                0x000814f8        0x4 C:/Users/jon_000/Git/ALFRED_TEST/Release/arduino.ar(cortex_handlers.c.o)
                0x000814f8                SVC_Handler
 .text.main     0x000814fc       0x30 C:/Users/jon_000/Git/ALFRED_TEST/Release/arduino.ar(main.cpp.o)
                0x000814fc                main
 .text._Z16USBD_InitControli
                0x0008152c       0x14 C:/Users/jon_000/Git/ALFRED_TEST/Release/arduino.ar(USBCore.cpp.o)
                0x0008152c                USBD_InitControl(int)
 .text._ZL11USB_SendZlpv
                0x00081540       0x24 C:/Users/jon_000/Git/ALFRED_TEST/Release/arduino.ar(USBCore.cpp.o)
 .text._ZN10USBDevice_6attachEv
                0x00081564       0x20 C:/Users/jon_000/Git/ALFRED_TEST/Release/arduino.ar(USBCore.cpp.o)
                0x00081564                USBDevice_::attach()
 .text._ZN10USBDevice_C1Ev
                0x00081584       0x24 C:/Users/jon_000/Git/ALFRED_TEST/Release/arduino.ar(USBCore.cpp.o)
                0x00081584                USBDevice_::USBDevice_()
 .text._Z14USBD_Availablem
                0x000815a8       0x2c C:/Users/jon_000/Git/ALFRED_TEST/Release/arduino.ar(USBCore.cpp.o)
                0x000815a8                USBD_Available(unsigned long)
 .text._Z10USBD_Flushm
                0x000815d4       0x16 C:/Users/jon_000/Git/ALFRED_TEST/Release/arduino.ar(USBCore.cpp.o)
                0x000815d4                USBD_Flush(unsigned long)
 .text._Z24USBD_SendOtherInterfacesv
                0x000815ea       0x1c C:/Users/jon_000/Git/ALFRED_TEST/Release/arduino.ar(USBCore.cpp.o)
                0x000815ea                USBD_SendOtherInterfaces()
 .text._Z19USBD_SendInterfacesv
                0x00081606       0x1c C:/Users/jon_000/Git/ALFRED_TEST/Release/arduino.ar(USBCore.cpp.o)
                0x00081606                USBD_SendInterfaces()
 .text._Z26USBD_ClassInterfaceRequestR5Setup
                0x00081622       0x14 C:/Users/jon_000/Git/ALFRED_TEST/Release/arduino.ar(USBCore.cpp.o)
                0x00081622                USBD_ClassInterfaceRequest(Setup&)
 .text._Z16USBD_RecvControlPvm
                0x00081636       0x1c C:/Users/jon_000/Git/ALFRED_TEST/Release/arduino.ar(USBCore.cpp.o)
                0x00081636                USBD_RecvControl(void*, unsigned long)
 *fill*         0x00081652        0x2 00
 .text._Z16USBD_SendControlhPKvm
                0x00081654       0x40 C:/Users/jon_000/Git/ALFRED_TEST/Release/arduino.ar(USBCore.cpp.o)
                0x00081654                USBD_SendControl(unsigned char, void const*, unsigned long)
 .text._ZL24USB_SendStringDescriptorPKhi
                0x00081694       0x42 C:/Users/jon_000/Git/ALFRED_TEST/Release/arduino.ar(USBCore.cpp.o)
 *fill*         0x000816d6        0x2 00
 .text._ZL7USB_ISRv
                0x000816d8      0x438 C:/Users/jon_000/Git/ALFRED_TEST/Release/arduino.ar(USBCore.cpp.o)
 .text._Z9USBD_SendmPKvm
                0x00081b10       0x4c C:/Users/jon_000/Git/ALFRED_TEST/Release/arduino.ar(USBCore.cpp.o)
                0x00081b10                USBD_Send(unsigned long, void const*, unsigned long)
 .text._Z9USBD_RecvmPvm
                0x00081b5c       0x7c C:/Users/jon_000/Git/ALFRED_TEST/Release/arduino.ar(USBCore.cpp.o)
                0x00081b5c                USBD_Recv(unsigned long, void*, unsigned long)
 .text._Z9USBD_Recvm
                0x00081bd8       0x1e C:/Users/jon_000/Git/ALFRED_TEST/Release/arduino.ar(USBCore.cpp.o)
                0x00081bd8                USBD_Recv(unsigned long)
 *fill*         0x00081bf6        0x2 00
 .text._GLOBAL__I_TxLEDPulse
                0x00081bf8        0xc C:/Users/jon_000/Git/ALFRED_TEST/Release/arduino.ar(USBCore.cpp.o)
 .text.initiateReset
                0x00081c04        0xc C:/Users/jon_000/Git/ALFRED_TEST/Release/arduino.ar(Reset.cpp.o)
                0x00081c04                initiateReset
 .text.cancelReset
                0x00081c10       0x10 C:/Users/jon_000/Git/ALFRED_TEST/Release/arduino.ar(Reset.cpp.o)
                0x00081c10                cancelReset
 .text.tickReset
                0x00081c20       0x20 C:/Users/jon_000/Git/ALFRED_TEST/Release/arduino.ar(Reset.cpp.o)
                0x00081c20                tickReset
 .text._ZN7Serial_9availableEv
                0x00081c40       0x18 C:/Users/jon_000/Git/ALFRED_TEST/Release/arduino.ar(CDC.cpp.o)
                0x00081c40                Serial_::available()
 .text._ZN7Serial_4peekEv
                0x00081c58       0x20 C:/Users/jon_000/Git/ALFRED_TEST/Release/arduino.ar(CDC.cpp.o)
                0x00081c58                Serial_::peek()
 .text._ZN7Serial_5writeEh
                0x00081c78       0x14 C:/Users/jon_000/Git/ALFRED_TEST/Release/arduino.ar(CDC.cpp.o)
                0x00081c78                Serial_::write(unsigned char)
 .text._ZN7Serial_5writeEPKhj
                0x00081c8c       0x28 C:/Users/jon_000/Git/ALFRED_TEST/Release/arduino.ar(CDC.cpp.o)
                0x00081c8c                Serial_::write(unsigned char const*, unsigned int)
 .text._ZN7Serial_5flushEv
                0x00081cb4        0x6 C:/Users/jon_000/Git/ALFRED_TEST/Release/arduino.ar(CDC.cpp.o)
                0x00081cb4                Serial_::flush()
 *fill*         0x00081cba        0x2 00
 .text._ZN7Serial_4readEv
                0x00081cbc       0x44 C:/Users/jon_000/Git/ALFRED_TEST/Release/arduino.ar(CDC.cpp.o)
                0x00081cbc                Serial_::read()
 .text._ZN7Serial_6acceptEv
                0x00081d00       0x6c C:/Users/jon_000/Git/ALFRED_TEST/Release/arduino.ar(CDC.cpp.o)
                0x00081d00                Serial_::accept()
 .text._Z21CDC_GetOtherInterfacePh
                0x00081d6c       0x14 C:/Users/jon_000/Git/ALFRED_TEST/Release/arduino.ar(CDC.cpp.o)
                0x00081d6c                CDC_GetOtherInterface(unsigned char*)
 .text._Z16CDC_GetInterfacePh
                0x00081d80       0x14 C:/Users/jon_000/Git/ALFRED_TEST/Release/arduino.ar(CDC.cpp.o)
                0x00081d80                CDC_GetInterface(unsigned char*)
 .text._Z9CDC_SetupR5Setup
                0x00081d94       0x60 C:/Users/jon_000/Git/ALFRED_TEST/Release/arduino.ar(CDC.cpp.o)
                0x00081d94                CDC_Setup(Setup&)
 .text._GLOBAL__I_cdc_rx_buffer
                0x00081df4       0x1c C:/Users/jon_000/Git/ALFRED_TEST/Release/arduino.ar(CDC.cpp.o)
 .text._Z9HID_SetupR5Setup
                0x00081e10       0x44 C:/Users/jon_000/Git/ALFRED_TEST/Release/arduino.ar(HID.cpp.o)
                0x00081e10                HID_Setup(Setup&)
 .text._ZN6Mouse_C1Ev
                0x00081e54        0x6 C:/Users/jon_000/Git/ALFRED_TEST/Release/arduino.ar(HID.cpp.o)
                0x00081e54                Mouse_::Mouse_()
 *fill*         0x00081e5a        0x2 00
 .text._ZN9Keyboard_C1Ev
                0x00081e5c       0x10 C:/Users/jon_000/Git/ALFRED_TEST/Release/arduino.ar(HID.cpp.o)
                0x00081e5c                Keyboard_::Keyboard_()
 .text._ZN9Keyboard_5writeEh
                0x00081e6c       0x1c C:/Users/jon_000/Git/ALFRED_TEST/Release/arduino.ar(HID.cpp.o)
                0x00081e6c                Keyboard_::write(unsigned char)
 .text._Z14HID_SendReporthPKvm
                0x00081e88       0x2c C:/Users/jon_000/Git/ALFRED_TEST/Release/arduino.ar(HID.cpp.o)
                0x00081e88                HID_SendReport(unsigned char, void const*, unsigned long)
 .text._ZN9Keyboard_10sendReportEP9KeyReport
                0x00081eb4        0x8 C:/Users/jon_000/Git/ALFRED_TEST/Release/arduino.ar(HID.cpp.o)
                0x00081eb4                Keyboard_::sendReport(KeyReport*)
 .text._ZN9Keyboard_10releaseAllEv
                0x00081ebc       0x18 C:/Users/jon_000/Git/ALFRED_TEST/Release/arduino.ar(HID.cpp.o)
                0x00081ebc                Keyboard_::releaseAll()
 .text._ZN9Keyboard_7releaseEh
                0x00081ed4       0x74 C:/Users/jon_000/Git/ALFRED_TEST/Release/arduino.ar(HID.cpp.o)
                0x00081ed4                Keyboard_::release(unsigned char)
 .text._ZN9Keyboard_5pressEh
                0x00081f48       0x9c C:/Users/jon_000/Git/ALFRED_TEST/Release/arduino.ar(HID.cpp.o)
                0x00081f48                Keyboard_::press(unsigned char)
 .text._Z17HID_GetDescriptori
                0x00081fe4       0x10 C:/Users/jon_000/Git/ALFRED_TEST/Release/arduino.ar(HID.cpp.o)
                0x00081fe4                HID_GetDescriptor(int)
 .text._Z16HID_GetInterfacePh
                0x00081ff4       0x14 C:/Users/jon_000/Git/ALFRED_TEST/Release/arduino.ar(HID.cpp.o)
                0x00081ff4                HID_GetInterface(unsigned char*)
 .text._GLOBAL__I_Mouse
                0x00082008       0x1c C:/Users/jon_000/Git/ALFRED_TEST/Release/arduino.ar(HID.cpp.o)
 .text.UDD_SetStack
                0x00082024        0xc C:/Arduino/hardware/arduino/sam/variants/arduino_due_x/libsam_sam3x8e_gcc_rel.a(uotghs_device.o)
                0x00082024                UDD_SetStack
 .text.UDD_Init
                0x00082030       0xd0 C:/Arduino/hardware/arduino/sam/variants/arduino_due_x/libsam_sam3x8e_gcc_rel.a(uotghs_device.o)
                0x00082030                UDD_Init
 .text.UDD_Attach
                0x00082100       0x4c C:/Arduino/hardware/arduino/sam/variants/arduino_due_x/libsam_sam3x8e_gcc_rel.a(uotghs_device.o)
                0x00082100                UDD_Attach
 .text.UDD_InitEP
                0x0008214c       0x30 C:/Arduino/hardware/arduino/sam/variants/arduino_due_x/libsam_sam3x8e_gcc_rel.a(uotghs_device.o)
                0x0008214c                UDD_InitEP
 .text.UDD_InitEndpoints
                0x0008217c       0x3c C:/Arduino/hardware/arduino/sam/variants/arduino_due_x/libsam_sam3x8e_gcc_rel.a(uotghs_device.o)
                0x0008217c                UDD_InitEndpoints
 .text.UDD_WaitIN
                0x000821b8       0x14 C:/Arduino/hardware/arduino/sam/variants/arduino_due_x/libsam_sam3x8e_gcc_rel.a(uotghs_device.o)
                0x000821b8                UDD_WaitIN
 .text.UDD_WaitOUT
                0x000821cc       0x14 C:/Arduino/hardware/arduino/sam/variants/arduino_due_x/libsam_sam3x8e_gcc_rel.a(uotghs_device.o)
                0x000821cc                UDD_WaitOUT
 .text.UDD_ClearIN
                0x000821e0       0x18 C:/Arduino/hardware/arduino/sam/variants/arduino_due_x/libsam_sam3x8e_gcc_rel.a(uotghs_device.o)
                0x000821e0                UDD_ClearIN
 .text.UDD_ClearOUT
                0x000821f8       0x18 C:/Arduino/hardware/arduino/sam/variants/arduino_due_x/libsam_sam3x8e_gcc_rel.a(uotghs_device.o)
                0x000821f8                UDD_ClearOUT
 .text.UDD_ReceivedSetupInt
                0x00082210       0x10 C:/Arduino/hardware/arduino/sam/variants/arduino_due_x/libsam_sam3x8e_gcc_rel.a(uotghs_device.o)
                0x00082210                UDD_ReceivedSetupInt
 .text.UDD_ClearSetupInt
                0x00082220       0x10 C:/Arduino/hardware/arduino/sam/variants/arduino_due_x/libsam_sam3x8e_gcc_rel.a(uotghs_device.o)
                0x00082220                UDD_ClearSetupInt
 .text.UDD_Send
                0x00082230       0x90 C:/Arduino/hardware/arduino/sam/variants/arduino_due_x/libsam_sam3x8e_gcc_rel.a(uotghs_device.o)
                0x00082230                UDD_Send
 .text.UDD_Send8
                0x000822c0       0x28 C:/Arduino/hardware/arduino/sam/variants/arduino_due_x/libsam_sam3x8e_gcc_rel.a(uotghs_device.o)
                0x000822c0                UDD_Send8
 .text.UDD_Recv8
                0x000822e8       0x28 C:/Arduino/hardware/arduino/sam/variants/arduino_due_x/libsam_sam3x8e_gcc_rel.a(uotghs_device.o)
                0x000822e8                UDD_Recv8
 .text.UDD_Recv
                0x00082310       0x34 C:/Arduino/hardware/arduino/sam/variants/arduino_due_x/libsam_sam3x8e_gcc_rel.a(uotghs_device.o)
                0x00082310                UDD_Recv
 .text.UDD_Stall
                0x00082344       0x14 C:/Arduino/hardware/arduino/sam/variants/arduino_due_x/libsam_sam3x8e_gcc_rel.a(uotghs_device.o)
                0x00082344                UDD_Stall
 .text.UDD_FifoByteCount
                0x00082358       0x1c C:/Arduino/hardware/arduino/sam/variants/arduino_due_x/libsam_sam3x8e_gcc_rel.a(uotghs_device.o)
                0x00082358                UDD_FifoByteCount
 .text.UDD_ReleaseRX
                0x00082374       0x2c C:/Arduino/hardware/arduino/sam/variants/arduino_due_x/libsam_sam3x8e_gcc_rel.a(uotghs_device.o)
                0x00082374                UDD_ReleaseRX
 .text.UDD_ReleaseTX
                0x000823a0       0x2c C:/Arduino/hardware/arduino/sam/variants/arduino_due_x/libsam_sam3x8e_gcc_rel.a(uotghs_device.o)
                0x000823a0                UDD_ReleaseTX
 .text.UDD_SetAddress
                0x000823cc       0x20 C:/Arduino/hardware/arduino/sam/variants/arduino_due_x/libsam_sam3x8e_gcc_rel.a(uotghs_device.o)
                0x000823cc                UDD_SetAddress
 .text          0x000823ec      0x370 c:/arduino/hardware/tools/g++_arm_none_eabi/bin/../lib/gcc/arm-none-eabi/4.4.1/thumb2\libgcc.a(_arm_addsubdf3.o)
                0x000823ec                __aeabi_drsub
                0x000823f4                __aeabi_dsub
                0x000823f4                __subdf3
                0x000823f8                __aeabi_dadd
                0x000823f8                __adddf3
                0x00082670                __floatunsidf
                0x00082670                __aeabi_ui2d
                0x00082690                __floatsidf
                0x00082690                __aeabi_i2d
                0x000826b4                __aeabi_f2d
                0x000826b4                __extendsfdf2
                0x000826f0                __floatundidf
                0x000826f0                __aeabi_ul2d
                0x00082700                __floatdidf
                0x00082700                __aeabi_l2d
 .text          0x0008275c      0x424 c:/arduino/hardware/tools/g++_arm_none_eabi/bin/../lib/gcc/arm-none-eabi/4.4.1/thumb2\libgcc.a(_arm_muldivdf3.o)
                0x0008275c                __aeabi_dmul
                0x0008275c                __muldf3
                0x000829b0                __divdf3
                0x000829b0                __aeabi_ddiv
 .text          0x00082b80      0x110 c:/arduino/hardware/tools/g++_arm_none_eabi/bin/../lib/gcc/arm-none-eabi/4.4.1/thumb2\libgcc.a(_arm_cmpdf2.o)
                0x00082b80                __gtdf2
                0x00082b80                __gedf2
                0x00082b88                __ltdf2
                0x00082b88                __ledf2
                0x00082b90                __nedf2
                0x00082b90                __eqdf2
                0x00082b90                __cmpdf2
                0x00082c0c                __aeabi_cdrcmple
                0x00082c1c                __aeabi_cdcmpeq
                0x00082c1c                __aeabi_cdcmple
                0x00082c2c                __aeabi_dcmpeq
                0x00082c40                __aeabi_dcmplt
                0x00082c54                __aeabi_dcmple
                0x00082c68                __aeabi_dcmpge
                0x00082c7c                __aeabi_dcmpgt
 .text          0x00082c90       0x50 c:/arduino/hardware/tools/g++_arm_none_eabi/bin/../lib/gcc/arm-none-eabi/4.4.1/thumb2\libgcc.a(_arm_fixdfsi.o)
                0x00082c90                __aeabi_d2iz
                0x00082c90                __fixdfsi
 .text          0x00082ce0       0xa0 c:/arduino/hardware/tools/g++_arm_none_eabi/bin/../lib/gcc/arm-none-eabi/4.4.1/thumb2\libgcc.a(_arm_truncdfsf2.o)
                0x00082ce0                __truncdfsf2
                0x00082ce0                __aeabi_d2f
 .text          0x00082d80      0x21c c:/arduino/hardware/tools/g++_arm_none_eabi/bin/../lib/gcc/arm-none-eabi/4.4.1/thumb2\libgcc.a(_arm_addsubsf3.o)
                0x00082d80                __aeabi_frsub
                0x00082d88                __subsf3
                0x00082d88                __aeabi_fsub
                0x00082d8c                __aeabi_fadd
                0x00082d8c                __addsf3
                0x00082eec                __aeabi_ui2f
                0x00082eec                __floatunsisf
                0x00082ef4                __aeabi_i2f
                0x00082ef4                __floatsisf
                0x00082f10                __aeabi_ul2f
                0x00082f10                __floatundisf
                0x00082f20                __aeabi_l2f
                0x00082f20                __floatdisf
 .text          0x00082f9c       0xec c:/arduino/hardware/tools/g++_arm_none_eabi/bin/../lib/gcc/arm-none-eabi/4.4.1/thumb2\libgcc.a(_arm_cmpsf2.o)
                0x00082f9c                __gesf2
                0x00082f9c                __gtsf2
                0x00082fa4                __lesf2
                0x00082fa4                __ltsf2
                0x00082fac                __nesf2
                0x00082fac                __eqsf2
                0x00082fac                __cmpsf2
                0x0008300c                __aeabi_cfrcmple
                0x00083014                __aeabi_cfcmpeq
                0x00083014                __aeabi_cfcmple
                0x00083024                __aeabi_fcmpeq
                0x00083038                __aeabi_fcmplt
                0x0008304c                __aeabi_fcmple
                0x00083060                __aeabi_fcmpge
                0x00083074                __aeabi_fcmpgt
 .text          0x00083088       0x54 c:/arduino/hardware/tools/g++_arm_none_eabi/bin/../lib/gcc/arm-none-eabi/4.4.1/../../../../arm-none-eabi/lib/thumb2\libc.a(lib_a-assert.o)
                0x00083088                __assert_func
                0x000830d0                __assert
 .text          0x000830dc       0x4c c:/arduino/hardware/tools/g++_arm_none_eabi/bin/../lib/gcc/arm-none-eabi/4.4.1/../../../../arm-none-eabi/lib/thumb2\libc.a(lib_a-fiprintf.o)
                0x000830dc                fiprintf
                0x00083108                _fiprintf_r
 .text          0x00083128       0x50 c:/arduino/hardware/tools/g++_arm_none_eabi/bin/../lib/gcc/arm-none-eabi/4.4.1/../../../../arm-none-eabi/lib/thumb2\libc.a(lib_a-init.o)
                0x00083128                __libc_init_array
 .text          0x00083178       0x64 c:/arduino/hardware/tools/g++_arm_none_eabi/bin/../lib/gcc/arm-none-eabi/4.4.1/../../../../arm-none-eabi/lib/thumb2\libc.a(lib_a-iprintf.o)
                0x00083178                _iprintf_r
                0x000831a4                iprintf
 .text          0x000831dc      0x5a4 c:/arduino/hardware/tools/g++_arm_none_eabi/bin/../lib/gcc/arm-none-eabi/4.4.1/../../../../arm-none-eabi/lib/thumb2\libc.a(lib_a-mallocr.o)
                0x000831dc                _malloc_r
 .text          0x00083780      0x190 c:/arduino/hardware/tools/g++_arm_none_eabi/bin/../lib/gcc/arm-none-eabi/4.4.1/../../../../arm-none-eabi/lib/thumb2\libc.a(lib_a-memcpy.o)
                0x00083780                memcpy
 .text          0x00083910       0xb8 c:/arduino/hardware/tools/g++_arm_none_eabi/bin/../lib/gcc/arm-none-eabi/4.4.1/../../../../arm-none-eabi/lib/thumb2\libc.a(lib_a-memmove.o)
                0x00083910                memmove
 .text          0x000839c8       0xd4 c:/arduino/hardware/tools/g++_arm_none_eabi/bin/../lib/gcc/arm-none-eabi/4.4.1/../../../../arm-none-eabi/lib/thumb2\libc.a(lib_a-memset.o)
                0x000839c8                memset
 .text          0x00083a9c        0x8 c:/arduino/hardware/tools/g++_arm_none_eabi/bin/../lib/gcc/arm-none-eabi/4.4.1/../../../../arm-none-eabi/lib/thumb2\libc.a(lib_a-mlock.o)
                0x00083a9c                __malloc_lock
                0x00083aa0                __malloc_unlock
 .text          0x00083aa4      0x3b4 c:/arduino/hardware/tools/g++_arm_none_eabi/bin/../lib/gcc/arm-none-eabi/4.4.1/../../../../arm-none-eabi/lib/thumb2\libc.a(lib_a-reallocr.o)
                0x00083aa4                _realloc_r
 .text          0x00083e58       0x28 c:/arduino/hardware/tools/g++_arm_none_eabi/bin/../lib/gcc/arm-none-eabi/4.4.1/../../../../arm-none-eabi/lib/thumb2\libc.a(lib_a-sbrkr.o)
                0x00083e58                _sbrk_r
 .text          0x00083e80       0x60 c:/arduino/hardware/tools/g++_arm_none_eabi/bin/../lib/gcc/arm-none-eabi/4.4.1/../../../../arm-none-eabi/lib/thumb2\libc.a(lib_a-strlen.o)
                0x00083e80                strlen
 .text          0x00083ee0      0xd38 c:/arduino/hardware/tools/g++_arm_none_eabi/bin/../lib/gcc/arm-none-eabi/4.4.1/../../../../arm-none-eabi/lib/thumb2\libc.a(lib_a-vfiprintf.o)
                0x00083efc                _vfiprintf_r
                0x00084bfc                vfiprintf
 .text          0x00084c18      0x104 c:/arduino/hardware/tools/g++_arm_none_eabi/bin/../lib/gcc/arm-none-eabi/4.4.1/../../../../arm-none-eabi/lib/thumb2\libc.a(lib_a-wsetup.o)
                0x00084c18                __swsetup_r
 .text          0x00084d1c       0x10 c:/arduino/hardware/tools/g++_arm_none_eabi/bin/../lib/gcc/arm-none-eabi/4.4.1/../../../../arm-none-eabi/lib/thumb2\libc.a(lib_a-abort.o)
                0x00084d1c                abort
 .text          0x00084d2c      0x178 c:/arduino/hardware/tools/g++_arm_none_eabi/bin/../lib/gcc/arm-none-eabi/4.4.1/../../../../arm-none-eabi/lib/thumb2\libc.a(lib_a-fflush.o)
                0x00084d2c                _fflush_r
                0x00084e7c                fflush
 .text          0x00084ea4      0x1c8 c:/arduino/hardware/tools/g++_arm_none_eabi/bin/../lib/gcc/arm-none-eabi/4.4.1/../../../../arm-none-eabi/lib/thumb2\libc.a(lib_a-findfp.o)
                0x00084ea4                __sfp_lock_acquire
                0x00084ea8                __sfp_lock_release
                0x00084eac                __sinit_lock_acquire
                0x00084eb0                __sinit_lock_release
                0x00084ebc                __fp_unlock_all
                0x00084ed4                __fp_lock_all
                0x00084eec                _cleanup_r
                0x00084ef8                _cleanup
                0x00084f54                __sfmoreglue
                0x00084f84                __sfp
                0x0008500c                __sinit
 .text          0x0008506c      0x268 c:/arduino/hardware/tools/g++_arm_none_eabi/bin/../lib/gcc/arm-none-eabi/4.4.1/../../../../arm-none-eabi/lib/thumb2\libc.a(lib_a-freer.o)
                0x0008506c                _malloc_trim_r
                0x00085114                _free_r
 .text          0x000852d4      0x334 c:/arduino/hardware/tools/g++_arm_none_eabi/bin/../lib/gcc/arm-none-eabi/4.4.1/../../../../arm-none-eabi/lib/thumb2\libc.a(lib_a-fvwrite.o)
                0x000852d4                __sfvwrite_r
 .text          0x00085608       0xa0 c:/arduino/hardware/tools/g++_arm_none_eabi/bin/../lib/gcc/arm-none-eabi/4.4.1/../../../../arm-none-eabi/lib/thumb2\libc.a(lib_a-fwalk.o)
                0x00085608                _fwalk_reent
                0x0008565c                _fwalk
 .text          0x000856a8       0xdc c:/arduino/hardware/tools/g++_arm_none_eabi/bin/../lib/gcc/arm-none-eabi/4.4.1/../../../../arm-none-eabi/lib/thumb2\libc.a(lib_a-makebuf.o)
                0x000856a8                __smakebuf_r
 .text          0x00085784       0x74 c:/arduino/hardware/tools/g++_arm_none_eabi/bin/../lib/gcc/arm-none-eabi/4.4.1/../../../../arm-none-eabi/lib/thumb2\libc.a(lib_a-memchr.o)
                0x00085784                memchr
 .text          0x000857f8      0x14c c:/arduino/hardware/tools/g++_arm_none_eabi/bin/../lib/gcc/arm-none-eabi/4.4.1/../../../../arm-none-eabi/lib/thumb2\libc.a(lib_a-signal.o)
                0x000857f8                _raise_r
                0x00085850                raise
                0x00085860                _init_signal_r
                0x00085888                _init_signal
                0x00085894                __sigtramp_r
                0x000858e8                __sigtramp
                0x000858f8                _signal_r
                0x00085934                signal
 .text          0x00085944       0x30 c:/arduino/hardware/tools/g++_arm_none_eabi/bin/../lib/gcc/arm-none-eabi/4.4.1/../../../../arm-none-eabi/lib/thumb2\libc.a(lib_a-signalr.o)
                0x00085944                _getpid_r
                0x00085948                _kill_r
 .text          0x00085974       0x90 c:/arduino/hardware/tools/g++_arm_none_eabi/bin/../lib/gcc/arm-none-eabi/4.4.1/../../../../arm-none-eabi/lib/thumb2\libc.a(lib_a-stdio.o)
                0x00085974                __sclose
                0x0008597c                __sseek
                0x000859a4                __swrite
                0x000859e0                __sread
 .text          0x00085a04       0x2c c:/arduino/hardware/tools/g++_arm_none_eabi/bin/../lib/gcc/arm-none-eabi/4.4.1/../../../../arm-none-eabi/lib/thumb2\libc.a(lib_a-writer.o)
                0x00085a04                _write_r
 .text          0x00085a30       0x28 c:/arduino/hardware/tools/g++_arm_none_eabi/bin/../lib/gcc/arm-none-eabi/4.4.1/../../../../arm-none-eabi/lib/thumb2\libc.a(lib_a-closer.o)
                0x00085a30                _close_r
 .text          0x00085a58       0xcc c:/arduino/hardware/tools/g++_arm_none_eabi/bin/../lib/gcc/arm-none-eabi/4.4.1/../../../../arm-none-eabi/lib/thumb2\libc.a(lib_a-fclose.o)
                0x00085a58                _fclose_r
                0x00085b14                fclose
 .text          0x00085b24       0x2c c:/arduino/hardware/tools/g++_arm_none_eabi/bin/../lib/gcc/arm-none-eabi/4.4.1/../../../../arm-none-eabi/lib/thumb2\libc.a(lib_a-fstatr.o)
                0x00085b24                _fstat_r
 .text          0x00085b50       0x28 c:/arduino/hardware/tools/g++_arm_none_eabi/bin/../lib/gcc/arm-none-eabi/4.4.1/../../../../arm-none-eabi/lib/thumb2\libc.a(lib_a-isattyr.o)
                0x00085b50                _isatty_r
 .text          0x00085b78       0x2c c:/arduino/hardware/tools/g++_arm_none_eabi/bin/../lib/gcc/arm-none-eabi/4.4.1/../../../../arm-none-eabi/lib/thumb2\libc.a(lib_a-lseekr.o)
                0x00085b78                _lseek_r
 .text          0x00085ba4       0x2c c:/arduino/hardware/tools/g++_arm_none_eabi/bin/../lib/gcc/arm-none-eabi/4.4.1/../../../../arm-none-eabi/lib/thumb2\libc.a(lib_a-readr.o)
                0x00085ba4                _read_r
 .text          0x00085bd0      0x278 c:/arduino/hardware/tools/g++_arm_none_eabi/bin/../lib/gcc/arm-none-eabi/4.4.1/thumb2\libgcc.a(_udivsi3.o)
                0x00085bd0                __aeabi_uidiv
                0x00085bd0                __udivsi3
                0x00085e2c                __aeabi_uidivmod
 .text          0x00085e48        0x4 c:/arduino/hardware/tools/g++_arm_none_eabi/bin/../lib/gcc/arm-none-eabi/4.4.1/thumb2\libgcc.a(_dvmd_tls.o)
                0x00085e48                __aeabi_idiv0
                0x00085e48                __aeabi_ldiv0
 .text          0x00085e4c       0x2c c:/arduino/hardware/tools/g++_arm_none_eabi/bin/../lib/gcc/arm-none-eabi/4.4.1/thumb2\libgcc.a(_aeabi_uldivmod.o)
                0x00085e4c                __aeabi_uldivmod
 .text          0x00085e78       0x58 c:/arduino/hardware/tools/g++_arm_none_eabi/bin/../lib/gcc/arm-none-eabi/4.4.1/thumb2\libgcc.a(bpabi.o)
                0x00085e78                __gnu_uldivmod_helper
                0x00085ea4                __gnu_ldivmod_helper
 .text          0x00085ed0      0x364 c:/arduino/hardware/tools/g++_arm_none_eabi/bin/../lib/gcc/arm-none-eabi/4.4.1/thumb2\libgcc.a(_divdi3.o)
                0x00085ed0                __divdi3
 .text          0x00086234      0x300 c:/arduino/hardware/tools/g++_arm_none_eabi/bin/../lib/gcc/arm-none-eabi/4.4.1/thumb2\libgcc.a(_udivdi3.o)
                0x00086234                __udivdi3
 *(.glue_7t)
 .glue_7t       0x00000000        0x0 linker stubs
 *(.glue_7)
 .glue_7        0x00000000        0x0 linker stubs
 *(.rodata .rodata* .gnu.linkonce.r.*)
 .rodata.str1.1
                0x00086534       0x19 C:/Users/jon_000/Git/ALFRED_TEST/Release/arduino/syscalls_sam3.c.o
 .rodata.str1.1
                0x0008654d       0x84 ./ALFRED_TEST.cpp.o
 *fill*         0x000865d1        0x3 00
 .rodata._ZN8DueTimer6TimersE
                0x000865d4       0x6c ./Libraries/DueTimer/DueTimer.cpp.o
                0x000865d4                DueTimer::Timers
 .rodata._ZZN8DueTimer9bestClockEdRmE4C.30
                0x00086640        0x8 ./Libraries/DueTimer/DueTimer.cpp.o
 .rodata.g_APinDescription
                0x00086648      0xa2c C:/Users/jon_000/Git/ALFRED_TEST/Release/arduino.ar(variant.cpp.o)
                0x00086648                g_APinDescription
 *fill*         0x00087074        0x4 00
 .rodata._ZTV9UARTClass
                0x00087078       0x28 C:/Users/jon_000/Git/ALFRED_TEST/Release/arduino.ar(UARTClass.cpp.o)
                0x00087078                vtable for UARTClass
 .rodata._ZTV10USARTClass
                0x000870a0       0x28 C:/Users/jon_000/Git/ALFRED_TEST/Release/arduino.ar(USARTClass.cpp.o)
                0x000870a0                vtable for USARTClass
 .rodata.str1.1
                0x000870c8       0x54 C:/Arduino/hardware/arduino/sam/variants/arduino_due_x/libsam_sam3x8e_gcc_rel.a(tc.o)
 .rodata.__func__.6630
                0x0008711c        0xd C:/Arduino/hardware/arduino/sam/variants/arduino_due_x/libsam_sam3x8e_gcc_rel.a(tc.o)
 .rodata.__func__.6636
                0x00087129        0x9 C:/Arduino/hardware/arduino/sam/variants/arduino_due_x/libsam_sam3x8e_gcc_rel.a(tc.o)
 .rodata.__func__.6642
                0x00087132        0x8 C:/Arduino/hardware/arduino/sam/variants/arduino_due_x/libsam_sam3x8e_gcc_rel.a(tc.o)
 *fill*         0x0008713a        0x2 00
 .rodata.C.0.8141
                0x0008713c       0x40 C:/Arduino/hardware/arduino/sam/variants/arduino_due_x/libsam_sam3x8e_gcc_rel.a(adc.o)
 .rodata.USB_DeviceDescriptorA
                0x0008717c       0x14 C:/Users/jon_000/Git/ALFRED_TEST/Release/arduino.ar(USBCore.cpp.o)
                0x0008717c                USB_DeviceDescriptorA
 .rodata.USB_DeviceDescriptor
                0x00087190       0x14 C:/Users/jon_000/Git/ALFRED_TEST/Release/arduino.ar(USBCore.cpp.o)
                0x00087190                USB_DeviceDescriptor
 .rodata._ZL9EndPoints
                0x000871a4       0x14 C:/Users/jon_000/Git/ALFRED_TEST/Release/arduino.ar(USBCore.cpp.o)
 .rodata.STRING_LANGUAGE
                0x000871b8        0x4 C:/Users/jon_000/Git/ALFRED_TEST/Release/arduino.ar(USBCore.cpp.o)
                0x000871b8                STRING_LANGUAGE
 .rodata._ZL18test_packet_buffer
                0x000871bc       0x38 C:/Users/jon_000/Git/ALFRED_TEST/Release/arduino.ar(USBCore.cpp.o)
 .rodata.STRING_PRODUCT
                0x000871f4        0xc C:/Users/jon_000/Git/ALFRED_TEST/Release/arduino.ar(USBCore.cpp.o)
                0x000871f4                STRING_PRODUCT
 .rodata.STRING_MANUFACTURER
                0x00087200        0xc C:/Users/jon_000/Git/ALFRED_TEST/Release/arduino.ar(USBCore.cpp.o)
                0x00087200                STRING_MANUFACTURER
 .rodata._ZL19USB_DeviceQualifier
                0x0008720c       0x14 C:/Users/jon_000/Git/ALFRED_TEST/Release/arduino.ar(USBCore.cpp.o)
 .rodata._ZTV7Serial_
                0x00087220       0x28 C:/Users/jon_000/Git/ALFRED_TEST/Release/arduino.ar(CDC.cpp.o)
                0x00087220                vtable for Serial_
 .rodata._ZL18_cdcOtherInterface
                0x00087248       0x44 C:/Users/jon_000/Git/ALFRED_TEST/Release/arduino.ar(CDC.cpp.o)
 .rodata._ZL13_cdcInterface
                0x0008728c       0x44 C:/Users/jon_000/Git/ALFRED_TEST/Release/arduino.ar(CDC.cpp.o)
 .rodata._ZTV9Keyboard_
                0x000872d0       0x20 C:/Users/jon_000/Git/ALFRED_TEST/Release/arduino.ar(HID.cpp.o)
                0x000872d0                vtable for Keyboard_
 .rodata._asciimap
                0x000872f0       0x80 C:/Users/jon_000/Git/ALFRED_TEST/Release/arduino.ar(HID.cpp.o)
                0x000872f0                _asciimap
 .rodata._hidInterface
                0x00087370       0x1c C:/Users/jon_000/Git/ALFRED_TEST/Release/arduino.ar(HID.cpp.o)
                0x00087370                _hidInterface
 .rodata._hidReportDescriptor
                0x0008738c       0x68 C:/Users/jon_000/Git/ALFRED_TEST/Release/arduino.ar(HID.cpp.o)
                0x0008738c                _hidReportDescriptor
 .rodata.str1.4
                0x000873f4       0x3f c:/arduino/hardware/tools/g++_arm_none_eabi/bin/../lib/gcc/arm-none-eabi/4.4.1/../../../../arm-none-eabi/lib/thumb2\libc.a(lib_a-assert.o)
                                 0x44 (size before relaxing)
 *fill*         0x00087433        0x1 00
 .rodata        0x00087434        0x4 c:/arduino/hardware/tools/g++_arm_none_eabi/bin/../lib/gcc/arm-none-eabi/4.4.1/../../../../arm-none-eabi/lib/thumb2\libc.a(lib_a-impure.o)
                0x00087434                _global_impure_ptr
 .rodata.str1.4
                0x00087438        0x2 c:/arduino/hardware/tools/g++_arm_none_eabi/bin/../lib/gcc/arm-none-eabi/4.4.1/../../../../arm-none-eabi/lib/thumb2\libc.a(lib_a-impure.o)
                                  0x4 (size before relaxing)
 *fill*         0x0008743a        0x2 00
 .rodata        0x0008743c       0x20 c:/arduino/hardware/tools/g++_arm_none_eabi/bin/../lib/gcc/arm-none-eabi/4.4.1/../../../../arm-none-eabi/lib/thumb2\libc.a(lib_a-vfiprintf.o)
 .rodata.str1.4
                0x0008745c       0x30 c:/arduino/hardware/tools/g++_arm_none_eabi/bin/../lib/gcc/arm-none-eabi/4.4.1/../../../../arm-none-eabi/lib/thumb2\libc.a(lib_a-vfiprintf.o)
 .rodata        0x0008748c       0x60 c:/arduino/hardware/tools/g++_arm_none_eabi/bin/../lib/gcc/arm-none-eabi/4.4.1/../../../../arm-none-eabi/lib/thumb2\libc.a(lib_a-findfp.o)
                0x0008748c                __sf_fake_stdin
                0x000874ac                __sf_fake_stdout
                0x000874cc                __sf_fake_stderr
 *(.ARM.extab* .gnu.linkonce.armextab.*)
                0x000874ec                . = ALIGN (0x4)
 *(.init)
 .init          0x000874ec        0x4 c:/arduino/hardware/tools/g++_arm_none_eabi/bin/../lib/gcc/arm-none-eabi/4.4.1/thumb2/crti.o
                0x000874ec                _init
 .init          0x000874f0        0x8 c:/arduino/hardware/tools/g++_arm_none_eabi/bin/../lib/gcc/arm-none-eabi/4.4.1/thumb2/crtn.o
                0x000874f8                . = ALIGN (0x4)
                0x000874f8                __preinit_array_start = .
 *(.preinit_array)
                0x000874f8                __preinit_array_end = .
                0x000874f8                . = ALIGN (0x4)
                0x000874f8                __init_array_start = .
 *(SORT(.init_array.*))
 *(.init_array)
 .init_array    0x000874f8        0x4 c:/arduino/hardware/tools/g++_arm_none_eabi/bin/../lib/gcc/arm-none-eabi/4.4.1/thumb2/crtbegin.o
 .init_array    0x000874fc        0x4 ./Libraries/DueTimer/DueTimer.cpp.o
 .init_array    0x00087500        0x4 C:/Users/jon_000/Git/ALFRED_TEST/Release/arduino.ar(variant.cpp.o)
 .init_array    0x00087504        0x4 C:/Users/jon_000/Git/ALFRED_TEST/Release/arduino.ar(USBCore.cpp.o)
 .init_array    0x00087508        0x4 C:/Users/jon_000/Git/ALFRED_TEST/Release/arduino.ar(CDC.cpp.o)
 .init_array    0x0008750c        0x4 C:/Users/jon_000/Git/ALFRED_TEST/Release/arduino.ar(HID.cpp.o)
                0x00087510                __init_array_end = .
                0x00087510                . = ALIGN (0x4)
 *crtbegin.o(.ctors)
 *(EXCLUDE_FILE(*crtend.o) .ctors)
 *(SORT(.ctors.*))
 *crtend.o(.ctors)
                0x00087510                . = ALIGN (0x4)
 *(.fini)
 .fini          0x00087510        0x4 c:/arduino/hardware/tools/g++_arm_none_eabi/bin/../lib/gcc/arm-none-eabi/4.4.1/thumb2/crti.o
                0x00087510                _fini
 .fini          0x00087514        0x8 c:/arduino/hardware/tools/g++_arm_none_eabi/bin/../lib/gcc/arm-none-eabi/4.4.1/thumb2/crtn.o
                0x0008751c                . = ALIGN (0x4)
                0x0008751c                __fini_array_start = .
 *(.fini_array)
 .fini_array    0x0008751c        0x4 c:/arduino/hardware/tools/g++_arm_none_eabi/bin/../lib/gcc/arm-none-eabi/4.4.1/thumb2/crtbegin.o
 *(SORT(.fini_array.*))
                0x00087520                __fini_array_end = .
 *crtbegin.o(.dtors)
 *(EXCLUDE_FILE(*crtend.o) .dtors)
 *(SORT(.dtors.*))
 *crtend.o(.dtors)
                0x00087520                . = ALIGN (0x4)
                0x00087520                _efixed = .
                0x00087520                PROVIDE (__exidx_start, .)

.jcr            0x00087520        0x0
 .jcr           0x00087520        0x0 c:/arduino/hardware/tools/g++_arm_none_eabi/bin/../lib/gcc/arm-none-eabi/4.4.1/thumb2/crtbegin.o

.vfp11_veneer   0x00087520        0x0
 .vfp11_veneer  0x00000000        0x0 linker stubs

.v4_bx          0x00087520        0x0
 .v4_bx         0x00000000        0x0 linker stubs

.ARM.exidx      0x00087520        0x8
 *(.ARM.exidx* .gnu.linkonce.armexidx.*)
 .ARM.exidx     0x00087520        0x8 c:/arduino/hardware/tools/g++_arm_none_eabi/bin/../lib/gcc/arm-none-eabi/4.4.1/thumb2\libgcc.a(_divdi3.o)
 .ARM.exidx     0x00087528        0x0 c:/arduino/hardware/tools/g++_arm_none_eabi/bin/../lib/gcc/arm-none-eabi/4.4.1/thumb2\libgcc.a(_udivdi3.o)
                                  0x8 (size before relaxing)
                0x00087528                PROVIDE (__exidx_end, .)
                0x00087528                . = ALIGN (0x4)
                0x00087528                _etext = .

.relocate       0x20070000      0x59c load address 0x00087528
                0x20070000                . = ALIGN (0x4)
                0x20070000                _srelocate = .
 *(.ramfunc .ramfunc.*)
 .ramfunc       0x20070000       0x34 C:/Users/jon_000/Git/ALFRED_TEST/Release/arduino.ar(Reset.cpp.o)
                0x20070000                banzai
 *(.data .data.*)
 *fill*         0x20070034        0x4 00
 .data._ZN8DueTimer10_frequencyE
                0x20070038       0x48 ./Libraries/DueTimer/DueTimer.cpp.o
                0x20070038                DueTimer::_frequency
 .data.SystemCoreClock
                0x20070080        0x4 C:/Arduino/hardware/arduino/sam/variants/arduino_due_x/libsam_sam3x8e_gcc_rel.a(system_sam3xa.o)
                0x20070080                SystemCoreClock
 .data._ZL5ticks
                0x20070084        0x4 C:/Users/jon_000/Git/ALFRED_TEST/Release/arduino.ar(Reset.cpp.o)
 .data._ZL12_usbLineInfo
                0x20070088        0x8 C:/Users/jon_000/Git/ALFRED_TEST/Release/arduino.ar(CDC.cpp.o)
 .data._hid_protocol
                0x20070090        0x1 C:/Users/jon_000/Git/ALFRED_TEST/Release/arduino.ar(HID.cpp.o)
                0x20070090                _hid_protocol
 .data._hid_idle
                0x20070091        0x1 C:/Users/jon_000/Git/ALFRED_TEST/Release/arduino.ar(HID.cpp.o)
                0x20070091                _hid_idle
 *fill*         0x20070092        0x2 00
 .data.g_interrupt_enabled
                0x20070094        0x4 C:/Arduino/hardware/arduino/sam/variants/arduino_due_x/libsam_sam3x8e_gcc_rel.a(interrupt_sam_nvic.o)
                0x20070094                g_interrupt_enabled
 .data          0x20070098       0xf4 c:/arduino/hardware/tools/g++_arm_none_eabi/bin/../lib/gcc/arm-none-eabi/4.4.1/../../../../arm-none-eabi/lib/thumb2\libc.a(lib_a-impure.o)
                0x20070098                _impure_ptr
 .data          0x2007018c      0x410 c:/arduino/hardware/tools/g++_arm_none_eabi/bin/../lib/gcc/arm-none-eabi/4.4.1/../../../../arm-none-eabi/lib/thumb2\libc.a(lib_a-mallocr.o)
                0x2007018c                __malloc_av_
                0x20070594                __malloc_sbrk_base
                0x20070598                __malloc_trim_threshold
                0x2007059c                . = ALIGN (0x4)
                0x2007059c                _erelocate = .

.bss            0x2007059c      0x754 load address 0x00087ac4
                0x2007059c                . = ALIGN (0x4)
                0x2007059c                _sbss = .
                0x2007059c                _szero = .
 *(.bss .bss.*)
 .bss           0x2007059c        0x1 c:/arduino/hardware/tools/g++_arm_none_eabi/bin/../lib/gcc/arm-none-eabi/4.4.1/thumb2/crtbegin.o
 *fill*         0x2007059d        0x3 00
 .bss.heap.3798
                0x200705a0        0x4 C:/Users/jon_000/Git/ALFRED_TEST/Release/arduino/syscalls_sam3.c.o
 .bss.init_watchdog
                0x200705a4        0x1 ./ALFRED_TEST.cpp.o
                0x200705a4                init_watchdog
 *fill*         0x200705a5        0x3 00
 .bss.serialData
                0x200705a8       0x20 ./ALFRED_TEST.cpp.o
                0x200705a8                serialData
 .bss.connected
                0x200705c8        0x1 ./ALFRED_TEST.cpp.o
                0x200705c8                connected
 *fill*         0x200705c9        0x3 00
 .bss.Timer0    0x200705cc        0x4 ./Libraries/DueTimer/DueTimer.cpp.o
                0x200705cc                Timer0
 .bss.Timer1    0x200705d0        0x4 ./Libraries/DueTimer/DueTimer.cpp.o
                0x200705d0                Timer1
 .bss.Timer2    0x200705d4        0x4 ./Libraries/DueTimer/DueTimer.cpp.o
                0x200705d4                Timer2
 .bss.Timer3    0x200705d8        0x4 ./Libraries/DueTimer/DueTimer.cpp.o
                0x200705d8                Timer3
 .bss.Timer4    0x200705dc        0x4 ./Libraries/DueTimer/DueTimer.cpp.o
                0x200705dc                Timer4
 .bss.Timer6    0x200705e0        0x4 ./Libraries/DueTimer/DueTimer.cpp.o
                0x200705e0                Timer6
 .bss.Timer7    0x200705e4        0x4 ./Libraries/DueTimer/DueTimer.cpp.o
                0x200705e4                Timer7
 .bss.Timer8    0x200705e8        0x4 ./Libraries/DueTimer/DueTimer.cpp.o
                0x200705e8                Timer8
 .bss._ZN8DueTimer9callbacksE
                0x200705ec       0x24 ./Libraries/DueTimer/DueTimer.cpp.o
                0x200705ec                DueTimer::callbacks
 .bss.Timer5    0x20070610        0x4 ./Libraries/DueTimer/DueTimer.cpp.o
                0x20070610                Timer5
 .bss.Timer     0x20070614        0x4 ./Libraries/DueTimer/DueTimer.cpp.o
                0x20070614                Timer
 .bss.Serial    0x20070618       0x20 C:/Users/jon_000/Git/ALFRED_TEST/Release/arduino.ar(variant.cpp.o)
                0x20070618                Serial
 .bss.rx_buffer1
                0x20070638       0x48 C:/Users/jon_000/Git/ALFRED_TEST/Release/arduino.ar(variant.cpp.o)
                0x20070638                rx_buffer1
 .bss.Serial1   0x20070680       0x20 C:/Users/jon_000/Git/ALFRED_TEST/Release/arduino.ar(variant.cpp.o)
                0x20070680                Serial1
 .bss.Serial2   0x200706a0       0x20 C:/Users/jon_000/Git/ALFRED_TEST/Release/arduino.ar(variant.cpp.o)
                0x200706a0                Serial2
 .bss.Serial3   0x200706c0       0x20 C:/Users/jon_000/Git/ALFRED_TEST/Release/arduino.ar(variant.cpp.o)
                0x200706c0                Serial3
 .bss.rx_buffer2
                0x200706e0       0x48 C:/Users/jon_000/Git/ALFRED_TEST/Release/arduino.ar(variant.cpp.o)
                0x200706e0                rx_buffer2
 .bss.rx_buffer3
                0x20070728       0x48 C:/Users/jon_000/Git/ALFRED_TEST/Release/arduino.ar(variant.cpp.o)
                0x20070728                rx_buffer3
 .bss.rx_buffer4
                0x20070770       0x48 C:/Users/jon_000/Git/ALFRED_TEST/Release/arduino.ar(variant.cpp.o)
                0x20070770                rx_buffer4
 .bss.pinEnabled
                0x200707b8       0x50 C:/Users/jon_000/Git/ALFRED_TEST/Release/arduino.ar(wiring_analog.c.o)
 .bss._dwTickCount
                0x20070808        0x4 C:/Arduino/hardware/arduino/sam/variants/arduino_due_x/libsam_sam3x8e_gcc_rel.a(timetick.o)
 .bss.gpf_isr   0x2007080c        0x4 C:/Arduino/hardware/arduino/sam/variants/arduino_due_x/libsam_sam3x8e_gcc_rel.a(uotghs.o)
                0x2007080c                gpf_isr
 .bss.callbacksPioA
                0x20070810       0x80 C:/Users/jon_000/Git/ALFRED_TEST/Release/arduino.ar(WInterrupts.c.o)
 .bss.callbacksPioB
                0x20070890       0x80 C:/Users/jon_000/Git/ALFRED_TEST/Release/arduino.ar(WInterrupts.c.o)
 .bss.callbacksPioC
                0x20070910       0x80 C:/Users/jon_000/Git/ALFRED_TEST/Release/arduino.ar(WInterrupts.c.o)
 .bss.callbacksPioD
                0x20070990       0x80 C:/Users/jon_000/Git/ALFRED_TEST/Release/arduino.ar(WInterrupts.c.o)
 .bss._ZL14isEndpointHalt
                0x20070a10        0x1 C:/Users/jon_000/Git/ALFRED_TEST/Release/arduino.ar(USBCore.cpp.o)
 *fill*         0x20070a11        0x3 00
 .bss._cmark    0x20070a14        0x4 C:/Users/jon_000/Git/ALFRED_TEST/Release/arduino.ar(USBCore.cpp.o)
                0x20070a14                _cmark
 .bss._cend     0x20070a18        0x4 C:/Users/jon_000/Git/ALFRED_TEST/Release/arduino.ar(USBCore.cpp.o)
                0x20070a18                _cend
 .bss._cdcComposite
                0x20070a1c        0x4 C:/Users/jon_000/Git/ALFRED_TEST/Release/arduino.ar(USBCore.cpp.o)
                0x20070a1c                _cdcComposite
 .bss._usbInitialized
                0x20070a20        0x4 C:/Users/jon_000/Git/ALFRED_TEST/Release/arduino.ar(USBCore.cpp.o)
                0x20070a20                _usbInitialized
 .bss.USBDevice
                0x20070a24        0x4 C:/Users/jon_000/Git/ALFRED_TEST/Release/arduino.ar(USBCore.cpp.o)
                0x20070a24                USBDevice
 .bss._usbSetInterface
                0x20070a28        0x4 C:/Users/jon_000/Git/ALFRED_TEST/Release/arduino.ar(USBCore.cpp.o)
                0x20070a28                _usbSetInterface
 .bss._ZL21isRemoteWakeUpEnabled
                0x20070a2c        0x1 C:/Users/jon_000/Git/ALFRED_TEST/Release/arduino.ar(USBCore.cpp.o)
 *fill*         0x20070a2d        0x3 00
 .bss._usbConfiguration
                0x20070a30        0x4 C:/Users/jon_000/Git/ALFRED_TEST/Release/arduino.ar(USBCore.cpp.o)
                0x20070a30                _usbConfiguration
 .bss.cdc_rx_buffer
                0x20070a34      0x208 C:/Users/jon_000/Git/ALFRED_TEST/Release/arduino.ar(CDC.cpp.o)
                0x20070a34                cdc_rx_buffer
 .bss._ZZN7Serial_6acceptEvE5guard
                0x20070c3c        0x4 C:/Users/jon_000/Git/ALFRED_TEST/Release/arduino.ar(CDC.cpp.o)
 .bss.SerialUSB
                0x20070c40       0x14 C:/Users/jon_000/Git/ALFRED_TEST/Release/arduino.ar(CDC.cpp.o)
                0x20070c40                SerialUSB
 .bss.Mouse     0x20070c54        0x4 C:/Users/jon_000/Git/ALFRED_TEST/Release/arduino.ar(HID.cpp.o)
                0x20070c54                Mouse
 .bss.Keyboard  0x20070c58       0x10 C:/Users/jon_000/Git/ALFRED_TEST/Release/arduino.ar(HID.cpp.o)
                0x20070c58                Keyboard
 .bss.ul_recv_fifo_ptr
                0x20070c68       0x28 C:/Arduino/hardware/arduino/sam/variants/arduino_due_x/libsam_sam3x8e_gcc_rel.a(uotghs_device.o)
 .bss.ul_send_fifo_ptr
                0x20070c90       0x28 C:/Arduino/hardware/arduino/sam/variants/arduino_due_x/libsam_sam3x8e_gcc_rel.a(uotghs_device.o)
 .bss           0x20070cb8       0x34 c:/arduino/hardware/tools/g++_arm_none_eabi/bin/../lib/gcc/arm-none-eabi/4.4.1/../../../../arm-none-eabi/lib/thumb2\libc.a(lib_a-mallocr.o)
                0x20070cb8                __malloc_top_pad
                0x20070cbc                __malloc_current_mallinfo
                0x20070ce4                __malloc_max_sbrked_mem
                0x20070ce8                __malloc_max_total_mem
 *(COMMON)
 COMMON         0x20070cec        0x4 c:/arduino/hardware/tools/g++_arm_none_eabi/bin/../lib/gcc/arm-none-eabi/4.4.1/../../../../arm-none-eabi/lib/thumb2\libc.a(lib_a-reent.o)
                0x20070cec                errno
                0x20070cf0                . = ALIGN (0x4)
                0x20070cf0                _ebss = .
                0x20070cf0                _ezero = .
                0x20070cf0                . = ALIGN (0x4)
                0x20070cf0                _end = .

.stack_dummy    0x20070cf0        0x0
 *(.stack*)
                0x20088000                __StackTop = 0x20088000
                0x20088000                __StackLimit = (__StackTop - SIZEOF (.stack_dummy))
                0x20088000                PROVIDE (_sstack, __StackLimit)
                0x20088000                PROVIDE (_estack, __StackTop)
OUTPUT(C:/Users/jon_000/Git/ALFRED_TEST/Release/ALFRED_TEST.elf elf32-littlearm)

.ARM.attributes
                0x00000000       0x25
 .ARM.attributes
                0x00000000       0x19 c:/arduino/hardware/tools/g++_arm_none_eabi/bin/../lib/gcc/arm-none-eabi/4.4.1/thumb2/crti.o
 .ARM.attributes
                0x00000019       0x29 c:/arduino/hardware/tools/g++_arm_none_eabi/bin/../lib/gcc/arm-none-eabi/4.4.1/thumb2/crtbegin.o
 .ARM.attributes
                0x00000042       0x31 C:/Users/jon_000/Git/ALFRED_TEST/Release/arduino/syscalls_sam3.c.o
 .ARM.attributes
                0x00000073       0x31 ./ALFRED_TEST.cpp.o
 .ARM.attributes
                0x000000a4       0x31 ./Libraries/DueTimer/DueTimer.cpp.o
 .ARM.attributes
                0x000000d5       0x31 C:/Users/jon_000/Git/ALFRED_TEST/Release/arduino.ar(variant.cpp.o)
 .ARM.attributes
                0x00000106       0x31 C:/Users/jon_000/Git/ALFRED_TEST/Release/arduino.ar(Print.cpp.o)
 .ARM.attributes
                0x00000137       0x31 C:/Users/jon_000/Git/ALFRED_TEST/Release/arduino.ar(RingBuffer.cpp.o)
 .ARM.attributes
                0x00000168       0x31 C:/Users/jon_000/Git/ALFRED_TEST/Release/arduino.ar(Stream.cpp.o)
 .ARM.attributes
                0x00000199       0x31 C:/Users/jon_000/Git/ALFRED_TEST/Release/arduino.ar(UARTClass.cpp.o)
 .ARM.attributes
                0x000001ca       0x31 C:/Users/jon_000/Git/ALFRED_TEST/Release/arduino.ar(USARTClass.cpp.o)
 .ARM.attributes
                0x000001fb       0x31 C:/Users/jon_000/Git/ALFRED_TEST/Release/arduino.ar(WString.cpp.o)
 .ARM.attributes
                0x0000022c       0x31 C:/Users/jon_000/Git/ALFRED_TEST/Release/arduino.ar(cxxabi-compat.cpp.o)
 .ARM.attributes
                0x0000025d       0x31 C:/Users/jon_000/Git/ALFRED_TEST/Release/arduino.ar(itoa.c.o)
 .ARM.attributes
                0x0000028e       0x31 C:/Users/jon_000/Git/ALFRED_TEST/Release/arduino.ar(wiring.c.o)
 .ARM.attributes
                0x000002bf       0x31 C:/Users/jon_000/Git/ALFRED_TEST/Release/arduino.ar(wiring_analog.c.o)
 .ARM.attributes
                0x000002f0       0x31 C:/Users/jon_000/Git/ALFRED_TEST/Release/arduino.ar(wiring_digital.c.o)
 .ARM.attributes
                0x00000321       0x31 C:/Users/jon_000/Git/ALFRED_TEST/Release/arduino.ar(dtostrf.c.o)
 .ARM.attributes
                0x00000352       0x31 C:/Users/jon_000/Git/ALFRED_TEST/Release/arduino.ar(hooks.c.o)
 .ARM.attributes
                0x00000383       0x31 C:/Arduino/hardware/arduino/sam/variants/arduino_due_x/libsam_sam3x8e_gcc_rel.a(pio.o)
 .ARM.attributes
                0x000003b4       0x31 C:/Arduino/hardware/arduino/sam/variants/arduino_due_x/libsam_sam3x8e_gcc_rel.a(pmc.o)
 .ARM.attributes
                0x000003e5       0x31 C:/Arduino/hardware/arduino/sam/variants/arduino_due_x/libsam_sam3x8e_gcc_rel.a(pwmc.o)
 .ARM.attributes
                0x00000416       0x31 C:/Arduino/hardware/arduino/sam/variants/arduino_due_x/libsam_sam3x8e_gcc_rel.a(tc.o)
 .ARM.attributes
                0x00000447       0x31 C:/Arduino/hardware/arduino/sam/variants/arduino_due_x/libsam_sam3x8e_gcc_rel.a(timetick.o)
 .ARM.attributes
                0x00000478       0x31 C:/Arduino/hardware/arduino/sam/variants/arduino_due_x/libsam_sam3x8e_gcc_rel.a(wdt.o)
 .ARM.attributes
                0x000004a9       0x31 C:/Arduino/hardware/arduino/sam/variants/arduino_due_x/libsam_sam3x8e_gcc_rel.a(system_sam3xa.o)
 .ARM.attributes
                0x000004da       0x31 C:/Arduino/hardware/arduino/sam/variants/arduino_due_x/libsam_sam3x8e_gcc_rel.a(startup_sam3xa.o)
 .ARM.attributes
                0x0000050b       0x31 C:/Arduino/hardware/arduino/sam/variants/arduino_due_x/libsam_sam3x8e_gcc_rel.a(adc.o)
 .ARM.attributes
                0x0000053c       0x31 C:/Arduino/hardware/arduino/sam/variants/arduino_due_x/libsam_sam3x8e_gcc_rel.a(uotghs.o)
 .ARM.attributes
                0x0000056d       0x31 C:/Arduino/hardware/arduino/sam/variants/arduino_due_x/libsam_sam3x8e_gcc_rel.a(dacc.o)
 .ARM.attributes
                0x0000059e       0x31 C:/Users/jon_000/Git/ALFRED_TEST/Release/arduino.ar(WInterrupts.c.o)
 .ARM.attributes
                0x000005cf       0x31 C:/Users/jon_000/Git/ALFRED_TEST/Release/arduino.ar(cortex_handlers.c.o)
 .ARM.attributes
                0x00000600       0x31 C:/Users/jon_000/Git/ALFRED_TEST/Release/arduino.ar(main.cpp.o)
 .ARM.attributes
                0x00000631       0x31 C:/Users/jon_000/Git/ALFRED_TEST/Release/arduino.ar(USBCore.cpp.o)
 .ARM.attributes
                0x00000662       0x31 C:/Users/jon_000/Git/ALFRED_TEST/Release/arduino.ar(Reset.cpp.o)
 .ARM.attributes
                0x00000693       0x31 C:/Users/jon_000/Git/ALFRED_TEST/Release/arduino.ar(CDC.cpp.o)
 .ARM.attributes
                0x000006c4       0x31 C:/Users/jon_000/Git/ALFRED_TEST/Release/arduino.ar(HID.cpp.o)
 .ARM.attributes
                0x000006f5       0x31 C:/Arduino/hardware/arduino/sam/variants/arduino_due_x/libsam_sam3x8e_gcc_rel.a(interrupt_sam_nvic.o)
 .ARM.attributes
                0x00000726       0x31 C:/Arduino/hardware/arduino/sam/variants/arduino_due_x/libsam_sam3x8e_gcc_rel.a(uotghs_device.o)
 .ARM.attributes
                0x00000757       0x29 c:/arduino/hardware/tools/g++_arm_none_eabi/bin/../lib/gcc/arm-none-eabi/4.4.1/../../../../arm-none-eabi/lib/thumb2\libm.a(lib_a-s_isinfd.o)
 .ARM.attributes
                0x00000780       0x29 c:/arduino/hardware/tools/g++_arm_none_eabi/bin/../lib/gcc/arm-none-eabi/4.4.1/../../../../arm-none-eabi/lib/thumb2\libm.a(lib_a-s_isnand.o)
 .ARM.attributes
                0x000007a9       0x1b c:/arduino/hardware/tools/g++_arm_none_eabi/bin/../lib/gcc/arm-none-eabi/4.4.1/thumb2\libgcc.a(_arm_addsubdf3.o)
 .ARM.attributes
                0x000007c4       0x1b c:/arduino/hardware/tools/g++_arm_none_eabi/bin/../lib/gcc/arm-none-eabi/4.4.1/thumb2\libgcc.a(_arm_muldivdf3.o)
 .ARM.attributes
                0x000007df       0x1b c:/arduino/hardware/tools/g++_arm_none_eabi/bin/../lib/gcc/arm-none-eabi/4.4.1/thumb2\libgcc.a(_arm_cmpdf2.o)
 .ARM.attributes
                0x000007fa       0x1b c:/arduino/hardware/tools/g++_arm_none_eabi/bin/../lib/gcc/arm-none-eabi/4.4.1/thumb2\libgcc.a(_arm_fixdfsi.o)
 .ARM.attributes
                0x00000815       0x1b c:/arduino/hardware/tools/g++_arm_none_eabi/bin/../lib/gcc/arm-none-eabi/4.4.1/thumb2\libgcc.a(_arm_fixunsdfsi.o)
 .ARM.attributes
                0x00000830       0x1b c:/arduino/hardware/tools/g++_arm_none_eabi/bin/../lib/gcc/arm-none-eabi/4.4.1/thumb2\libgcc.a(_arm_truncdfsf2.o)
 .ARM.attributes
                0x0000084b       0x1b c:/arduino/hardware/tools/g++_arm_none_eabi/bin/../lib/gcc/arm-none-eabi/4.4.1/thumb2\libgcc.a(_arm_addsubsf3.o)
 .ARM.attributes
                0x00000866       0x1b c:/arduino/hardware/tools/g++_arm_none_eabi/bin/../lib/gcc/arm-none-eabi/4.4.1/thumb2\libgcc.a(_arm_muldivsf3.o)
 .ARM.attributes
                0x00000881       0x1b c:/arduino/hardware/tools/g++_arm_none_eabi/bin/../lib/gcc/arm-none-eabi/4.4.1/thumb2\libgcc.a(_arm_cmpsf2.o)
 .ARM.attributes
                0x0000089c       0x29 c:/arduino/hardware/tools/g++_arm_none_eabi/bin/../lib/gcc/arm-none-eabi/4.4.1/../../../../arm-none-eabi/lib/thumb2\libc.a(lib_a-assert.o)
 .ARM.attributes
                0x000008c5       0x29 c:/arduino/hardware/tools/g++_arm_none_eabi/bin/../lib/gcc/arm-none-eabi/4.4.1/../../../../arm-none-eabi/lib/thumb2\libc.a(lib_a-atof.o)
 .ARM.attributes
                0x000008ee       0x29 c:/arduino/hardware/tools/g++_arm_none_eabi/bin/../lib/gcc/arm-none-eabi/4.4.1/../../../../arm-none-eabi/lib/thumb2\libc.a(lib_a-atol.o)
 .ARM.attributes
                0x00000917       0x29 c:/arduino/hardware/tools/g++_arm_none_eabi/bin/../lib/gcc/arm-none-eabi/4.4.1/../../../../arm-none-eabi/lib/thumb2\libc.a(lib_a-fiprintf.o)
 .ARM.attributes
                0x00000940       0x29 c:/arduino/hardware/tools/g++_arm_none_eabi/bin/../lib/gcc/arm-none-eabi/4.4.1/../../../../arm-none-eabi/lib/thumb2\libc.a(lib_a-impure.o)
 .ARM.attributes
                0x00000969       0x29 c:/arduino/hardware/tools/g++_arm_none_eabi/bin/../lib/gcc/arm-none-eabi/4.4.1/../../../../arm-none-eabi/lib/thumb2\libc.a(lib_a-init.o)
 .ARM.attributes
                0x00000992       0x29 c:/arduino/hardware/tools/g++_arm_none_eabi/bin/../lib/gcc/arm-none-eabi/4.4.1/../../../../arm-none-eabi/lib/thumb2\libc.a(lib_a-iprintf.o)
 .ARM.attributes
                0x000009bb       0x29 c:/arduino/hardware/tools/g++_arm_none_eabi/bin/../lib/gcc/arm-none-eabi/4.4.1/../../../../arm-none-eabi/lib/thumb2\libc.a(lib_a-isspace.o)
 .ARM.attributes
                0x000009e4       0x29 c:/arduino/hardware/tools/g++_arm_none_eabi/bin/../lib/gcc/arm-none-eabi/4.4.1/../../../../arm-none-eabi/lib/thumb2\libc.a(lib_a-malloc.o)
 .ARM.attributes
                0x00000a0d       0x29 c:/arduino/hardware/tools/g++_arm_none_eabi/bin/../lib/gcc/arm-none-eabi/4.4.1/../../../../arm-none-eabi/lib/thumb2\libc.a(lib_a-mallocr.o)
 .ARM.attributes
                0x00000a36       0x29 c:/arduino/hardware/tools/g++_arm_none_eabi/bin/../lib/gcc/arm-none-eabi/4.4.1/../../../../arm-none-eabi/lib/thumb2\libc.a(lib_a-memcpy.o)
 .ARM.attributes
                0x00000a5f       0x29 c:/arduino/hardware/tools/g++_arm_none_eabi/bin/../lib/gcc/arm-none-eabi/4.4.1/../../../../arm-none-eabi/lib/thumb2\libc.a(lib_a-memmove.o)
 .ARM.attributes
                0x00000a88       0x29 c:/arduino/hardware/tools/g++_arm_none_eabi/bin/../lib/gcc/arm-none-eabi/4.4.1/../../../../arm-none-eabi/lib/thumb2\libc.a(lib_a-memset.o)
 .ARM.attributes
                0x00000ab1       0x29 c:/arduino/hardware/tools/g++_arm_none_eabi/bin/../lib/gcc/arm-none-eabi/4.4.1/../../../../arm-none-eabi/lib/thumb2\libc.a(lib_a-mlock.o)
 .ARM.attributes
                0x00000ada       0x29 c:/arduino/hardware/tools/g++_arm_none_eabi/bin/../lib/gcc/arm-none-eabi/4.4.1/../../../../arm-none-eabi/lib/thumb2\libc.a(lib_a-realloc.o)
 .ARM.attributes
                0x00000b03       0x29 c:/arduino/hardware/tools/g++_arm_none_eabi/bin/../lib/gcc/arm-none-eabi/4.4.1/../../../../arm-none-eabi/lib/thumb2\libc.a(lib_a-reallocr.o)
 .ARM.attributes
                0x00000b2c       0x29 c:/arduino/hardware/tools/g++_arm_none_eabi/bin/../lib/gcc/arm-none-eabi/4.4.1/../../../../arm-none-eabi/lib/thumb2\libc.a(lib_a-sbrkr.o)
 .ARM.attributes
                0x00000b55       0x29 c:/arduino/hardware/tools/g++_arm_none_eabi/bin/../lib/gcc/arm-none-eabi/4.4.1/../../../../arm-none-eabi/lib/thumb2\libc.a(lib_a-sprintf.o)
 .ARM.attributes
                0x00000b7e       0x29 c:/arduino/hardware/tools/g++_arm_none_eabi/bin/../lib/gcc/arm-none-eabi/4.4.1/../../../../arm-none-eabi/lib/thumb2\libc.a(lib_a-strchr.o)
 .ARM.attributes
                0x00000ba7       0x29 c:/arduino/hardware/tools/g++_arm_none_eabi/bin/../lib/gcc/arm-none-eabi/4.4.1/../../../../arm-none-eabi/lib/thumb2\libc.a(lib_a-strcmp.o)
 .ARM.attributes
                0x00000bd0       0x29 c:/arduino/hardware/tools/g++_arm_none_eabi/bin/../lib/gcc/arm-none-eabi/4.4.1/../../../../arm-none-eabi/lib/thumb2\libc.a(lib_a-strcpy.o)
 .ARM.attributes
                0x00000bf9       0x29 c:/arduino/hardware/tools/g++_arm_none_eabi/bin/../lib/gcc/arm-none-eabi/4.4.1/../../../../arm-none-eabi/lib/thumb2\libc.a(lib_a-strlen.o)
 .ARM.attributes
                0x00000c22       0x29 c:/arduino/hardware/tools/g++_arm_none_eabi/bin/../lib/gcc/arm-none-eabi/4.4.1/../../../../arm-none-eabi/lib/thumb2\libc.a(lib_a-strncmp.o)
 .ARM.attributes
                0x00000c4b       0x29 c:/arduino/hardware/tools/g++_arm_none_eabi/bin/../lib/gcc/arm-none-eabi/4.4.1/../../../../arm-none-eabi/lib/thumb2\libc.a(lib_a-strncpy.o)
 .ARM.attributes
                0x00000c74       0x29 c:/arduino/hardware/tools/g++_arm_none_eabi/bin/../lib/gcc/arm-none-eabi/4.4.1/../../../../arm-none-eabi/lib/thumb2\libc.a(lib_a-strrchr.o)
 .ARM.attributes
                0x00000c9d       0x29 c:/arduino/hardware/tools/g++_arm_none_eabi/bin/../lib/gcc/arm-none-eabi/4.4.1/../../../../arm-none-eabi/lib/thumb2\libc.a(lib_a-strstr.o)
 .ARM.attributes
                0x00000cc6       0x29 c:/arduino/hardware/tools/g++_arm_none_eabi/bin/../lib/gcc/arm-none-eabi/4.4.1/../../../../arm-none-eabi/lib/thumb2\libc.a(lib_a-strtod.o)
 .ARM.attributes
                0x00000cef       0x29 c:/arduino/hardware/tools/g++_arm_none_eabi/bin/../lib/gcc/arm-none-eabi/4.4.1/../../../../arm-none-eabi/lib/thumb2\libc.a(lib_a-strtol.o)
 .ARM.attributes
                0x00000d18       0x29 c:/arduino/hardware/tools/g++_arm_none_eabi/bin/../lib/gcc/arm-none-eabi/4.4.1/../../../../arm-none-eabi/lib/thumb2\libc.a(lib_a-svfprintf.o)
 .ARM.attributes
                0x00000d41       0x29 c:/arduino/hardware/tools/g++_arm_none_eabi/bin/../lib/gcc/arm-none-eabi/4.4.1/../../../../arm-none-eabi/lib/thumb2\libc.a(lib_a-tolower.o)
 .ARM.attributes
                0x00000d6a       0x29 c:/arduino/hardware/tools/g++_arm_none_eabi/bin/../lib/gcc/arm-none-eabi/4.4.1/../../../../arm-none-eabi/lib/thumb2\libc.a(lib_a-toupper.o)
 .ARM.attributes
                0x00000d93       0x29 c:/arduino/hardware/tools/g++_arm_none_eabi/bin/../lib/gcc/arm-none-eabi/4.4.1/../../../../arm-none-eabi/lib/thumb2\libc.a(lib_a-vfiprintf.o)
 .ARM.attributes
                0x00000dbc       0x29 c:/arduino/hardware/tools/g++_arm_none_eabi/bin/../lib/gcc/arm-none-eabi/4.4.1/../../../../arm-none-eabi/lib/thumb2\libc.a(lib_a-wsetup.o)
 .ARM.attributes
                0x00000de5       0x29 c:/arduino/hardware/tools/g++_arm_none_eabi/bin/../lib/gcc/arm-none-eabi/4.4.1/../../../../arm-none-eabi/lib/thumb2\libc.a(lib_a-abort.o)
 .ARM.attributes
                0x00000e0e       0x29 c:/arduino/hardware/tools/g++_arm_none_eabi/bin/../lib/gcc/arm-none-eabi/4.4.1/../../../../arm-none-eabi/lib/thumb2\libc.a(lib_a-ctype_.o)
 .ARM.attributes
                0x00000e37       0x29 c:/arduino/hardware/tools/g++_arm_none_eabi/bin/../lib/gcc/arm-none-eabi/4.4.1/../../../../arm-none-eabi/lib/thumb2\libc.a(lib_a-dtoa.o)
 .ARM.attributes
                0x00000e60       0x29 c:/arduino/hardware/tools/g++_arm_none_eabi/bin/../lib/gcc/arm-none-eabi/4.4.1/../../../../arm-none-eabi/lib/thumb2\libc.a(lib_a-fflush.o)
 .ARM.attributes
                0x00000e89       0x29 c:/arduino/hardware/tools/g++_arm_none_eabi/bin/../lib/gcc/arm-none-eabi/4.4.1/../../../../arm-none-eabi/lib/thumb2\libc.a(lib_a-findfp.o)
 .ARM.attributes
                0x00000eb2       0x29 c:/arduino/hardware/tools/g++_arm_none_eabi/bin/../lib/gcc/arm-none-eabi/4.4.1/../../../../arm-none-eabi/lib/thumb2\libc.a(lib_a-freer.o)
 .ARM.attributes
                0x00000edb       0x29 c:/arduino/hardware/tools/g++_arm_none_eabi/bin/../lib/gcc/arm-none-eabi/4.4.1/../../../../arm-none-eabi/lib/thumb2\libc.a(lib_a-fvwrite.o)
 .ARM.attributes
                0x00000f04       0x29 c:/arduino/hardware/tools/g++_arm_none_eabi/bin/../lib/gcc/arm-none-eabi/4.4.1/../../../../arm-none-eabi/lib/thumb2\libc.a(lib_a-fwalk.o)
 .ARM.attributes
                0x00000f2d       0x29 c:/arduino/hardware/tools/g++_arm_none_eabi/bin/../lib/gcc/arm-none-eabi/4.4.1/../../../../arm-none-eabi/lib/thumb2\libc.a(lib_a-gdtoa-gethex.o)
 .ARM.attributes
                0x00000f56       0x29 c:/arduino/hardware/tools/g++_arm_none_eabi/bin/../lib/gcc/arm-none-eabi/4.4.1/../../../../arm-none-eabi/lib/thumb2\libc.a(lib_a-gdtoa-hexnan.o)
 .ARM.attributes
                0x00000f7f       0x29 c:/arduino/hardware/tools/g++_arm_none_eabi/bin/../lib/gcc/arm-none-eabi/4.4.1/../../../../arm-none-eabi/lib/thumb2\libc.a(lib_a-locale.o)
 .ARM.attributes
                0x00000fa8       0x29 c:/arduino/hardware/tools/g++_arm_none_eabi/bin/../lib/gcc/arm-none-eabi/4.4.1/../../../../arm-none-eabi/lib/thumb2\libc.a(lib_a-makebuf.o)
 .ARM.attributes
                0x00000fd1       0x29 c:/arduino/hardware/tools/g++_arm_none_eabi/bin/../lib/gcc/arm-none-eabi/4.4.1/../../../../arm-none-eabi/lib/thumb2\libc.a(lib_a-memchr.o)
 .ARM.attributes
                0x00000ffa       0x29 c:/arduino/hardware/tools/g++_arm_none_eabi/bin/../lib/gcc/arm-none-eabi/4.4.1/../../../../arm-none-eabi/lib/thumb2\libc.a(lib_a-memcmp.o)
 .ARM.attributes
                0x00001023       0x29 c:/arduino/hardware/tools/g++_arm_none_eabi/bin/../lib/gcc/arm-none-eabi/4.4.1/../../../../arm-none-eabi/lib/thumb2\libc.a(lib_a-mprec.o)
 .ARM.attributes
                0x0000104c       0x29 c:/arduino/hardware/tools/g++_arm_none_eabi/bin/../lib/gcc/arm-none-eabi/4.4.1/../../../../arm-none-eabi/lib/thumb2\libc.a(lib_a-reent.o)
 .ARM.attributes
                0x00001075       0x29 c:/arduino/hardware/tools/g++_arm_none_eabi/bin/../lib/gcc/arm-none-eabi/4.4.1/../../../../arm-none-eabi/lib/thumb2\libc.a(lib_a-signal.o)
 .ARM.attributes
                0x0000109e       0x29 c:/arduino/hardware/tools/g++_arm_none_eabi/bin/../lib/gcc/arm-none-eabi/4.4.1/../../../../arm-none-eabi/lib/thumb2\libc.a(lib_a-signalr.o)
 .ARM.attributes
                0x000010c7       0x29 c:/arduino/hardware/tools/g++_arm_none_eabi/bin/../lib/gcc/arm-none-eabi/4.4.1/../../../../arm-none-eabi/lib/thumb2\libc.a(lib_a-stdio.o)
 .ARM.attributes
                0x000010f0       0x29 c:/arduino/hardware/tools/g++_arm_none_eabi/bin/../lib/gcc/arm-none-eabi/4.4.1/../../../../arm-none-eabi/lib/thumb2\libc.a(lib_a-writer.o)
 .ARM.attributes
                0x00001119       0x29 c:/arduino/hardware/tools/g++_arm_none_eabi/bin/../lib/gcc/arm-none-eabi/4.4.1/../../../../arm-none-eabi/lib/thumb2\libc.a(lib_a-callocr.o)
 .ARM.attributes
                0x00001142       0x29 c:/arduino/hardware/tools/g++_arm_none_eabi/bin/../lib/gcc/arm-none-eabi/4.4.1/../../../../arm-none-eabi/lib/thumb2\libc.a(lib_a-closer.o)
 .ARM.attributes
                0x0000116b       0x29 c:/arduino/hardware/tools/g++_arm_none_eabi/bin/../lib/gcc/arm-none-eabi/4.4.1/../../../../arm-none-eabi/lib/thumb2\libc.a(lib_a-fclose.o)
 .ARM.attributes
                0x00001194       0x29 c:/arduino/hardware/tools/g++_arm_none_eabi/bin/../lib/gcc/arm-none-eabi/4.4.1/../../../../arm-none-eabi/lib/thumb2\libc.a(lib_a-fstatr.o)
 .ARM.attributes
                0x000011bd       0x29 c:/arduino/hardware/tools/g++_arm_none_eabi/bin/../lib/gcc/arm-none-eabi/4.4.1/../../../../arm-none-eabi/lib/thumb2\libc.a(lib_a-isattyr.o)
 .ARM.attributes
                0x000011e6       0x29 c:/arduino/hardware/tools/g++_arm_none_eabi/bin/../lib/gcc/arm-none-eabi/4.4.1/../../../../arm-none-eabi/lib/thumb2\libc.a(lib_a-lseekr.o)
 .ARM.attributes
                0x0000120f       0x29 c:/arduino/hardware/tools/g++_arm_none_eabi/bin/../lib/gcc/arm-none-eabi/4.4.1/../../../../arm-none-eabi/lib/thumb2\libc.a(lib_a-readr.o)
 .ARM.attributes
                0x00001238       0x1b c:/arduino/hardware/tools/g++_arm_none_eabi/bin/../lib/gcc/arm-none-eabi/4.4.1/thumb2\libgcc.a(_udivsi3.o)
 .ARM.attributes
                0x00001253       0x1b c:/arduino/hardware/tools/g++_arm_none_eabi/bin/../lib/gcc/arm-none-eabi/4.4.1/thumb2\libgcc.a(_dvmd_tls.o)
 .ARM.attributes
                0x0000126e       0x1b c:/arduino/hardware/tools/g++_arm_none_eabi/bin/../lib/gcc/arm-none-eabi/4.4.1/thumb2\libgcc.a(_aeabi_uldivmod.o)
 .ARM.attributes
                0x00001289       0x29 c:/arduino/hardware/tools/g++_arm_none_eabi/bin/../lib/gcc/arm-none-eabi/4.4.1/thumb2\libgcc.a(bpabi.o)
 .ARM.attributes
                0x000012b2       0x29 c:/arduino/hardware/tools/g++_arm_none_eabi/bin/../lib/gcc/arm-none-eabi/4.4.1/thumb2\libgcc.a(_divdi3.o)
 .ARM.attributes
                0x000012db       0x29 c:/arduino/hardware/tools/g++_arm_none_eabi/bin/../lib/gcc/arm-none-eabi/4.4.1/thumb2\libgcc.a(_udivdi3.o)
 .ARM.attributes